** Drc report for Symm60HE-Neo-Controller.kicad_pcb **
** Created on 2026-09-13T02:32:55 **
** Report includes: Errors, Warnings, Exclusions **

** Found 38 DRC violations **
[lib_footprint_issues]: The footprint library 'Symm60HE_Project' is not enabled in the current configuration
    Local override; warning
    @(209.0000 mm, 19.2000 mm): Footprint FIDF3
[lib_footprint_issues]: The footprint library 'Symm60HE_Project' is not enabled in the current configuration
    Local override; warning
    @(202.2090 mm, 0.7367 mm): Footprint C1
[lib_footprint_issues]: The footprint library 'Symm60HE_Project' is not enabled in the current configuration
    Local override; warning
    @(194.2090 mm, 15.2367 mm): Footprint R3
[lib_footprint_issues]: The footprint library 'Symm60HE_Project' is not enabled in the current configuration
    Local override; warning
    @(191.2090 mm, 7.2367 mm): Footprint R1
[lib_footprint_issues]: The footprint library 'Symm60HE_Project' is not enabled in the current configuration
    Local override; warning
    @(187.2090 mm, 3.2367 mm): Footprint R2
[lib_footprint_issues]: The footprint library 'Symm60HE_Project' is not enabled in the current configuration
    Local override; warning
    @(192.7090 mm, 3.7367 mm): Footprint U2
[lib_footprint_issues]: The footprint library 'Symm60HE_Project' is not enabled in the current configuration
    Local override; warning
    @(192.2090 mm, -4.1133 mm): Footprint J1
[lib_footprint_issues]: The footprint library 'Symm60HE_Project' is not enabled in the current configuration
    Local override; warning
    @(201.2090 mm, 13.2367 mm): Footprint C2
[lib_footprint_issues]: The footprint library 'Symm60HE_Project' is not enabled in the current configuration
    Local override; warning
    @(208.9090 mm, 9.2367 mm): Footprint J3
[lib_footprint_issues]: The footprint library 'Symm60HE_Project' is not enabled in the current configuration
    Local override; warning
    @(159.2090 mm, -3.7633 mm): Footprint MHD1
[lib_footprint_issues]: The footprint library 'Symm60HE_Project' is not enabled in the current configuration
    Local override; warning
    @(200.2090 mm, -2.7633 mm): Footprint F1
[lib_footprint_issues]: The footprint library 'Symm60HE_Project' is not enabled in the current configuration
    Local override; warning
    @(170.7090 mm, 8.2367 mm): Footprint Y1
[lib_footprint_issues]: The footprint library 'Symm60HE_Project' is not enabled in the current configuration
    Local override; warning
    @(207.2090 mm, -3.7633 mm): Footprint MHD2
[lib_footprint_issues]: The footprint library 'Symm60HE_Project' is not enabled in the current configuration
    Local override; warning
    @(170.7090 mm, 13.2367 mm): Footprint U4
[lib_footprint_issues]: The footprint library 'Symm60HE_Project' is not enabled in the current configuration
    Local override; warning
    @(180.0000 mm, -5.0000 mm): Footprint FIDF2
[lib_footprint_issues]: The footprint library 'Symm60HE_Project' is not enabled in the current configuration
    Local override; warning
    @(170.7090 mm, -2.7633 mm): Footprint SW1
[lib_footprint_issues]: The footprint library 'Symm60HE_Project' is not enabled in the current configuration
    Local override; warning
    @(157.5090 mm, 9.2367 mm): Footprint J2
[lib_footprint_issues]: The footprint library 'Symm60HE_Project' is not enabled in the current configuration
    Local override; warning
    @(198.7090 mm, 3.7367 mm): Footprint U3
[lib_footprint_issues]: The footprint library 'Symm60HE_Project' is not enabled in the current configuration
    Local override; warning
    @(181.7090 mm, 9.2367 mm): Footprint U1
[lib_footprint_issues]: The footprint library 'Symm60HE_Project' is not enabled in the current configuration
    Local override; warning
    @(166.7090 mm, 3.2367 mm): Footprint SW2
[lib_footprint_issues]: The footprint library 'Symm60HE_Project' is not enabled in the current configuration
    Local override; warning
    @(164.0000 mm, -3.0000 mm): Footprint FIDF1
[lib_footprint_issues]: The footprint library 'Symm60HE_Project' is not enabled in the current configuration
    Local override; warning
    @(182.0090 mm, 19.0367 mm): Footprint C4
[lib_footprint_issues]: The footprint library 'Symm60HE_Project' is not enabled in the current configuration
    Local override; warning
    @(164.0000 mm, -3.0000 mm): Footprint FIDB1
[lib_footprint_issues]: The footprint library 'Symm60HE_Project' is not enabled in the current configuration
    Local override; warning
    @(184.0090 mm, 19.0367 mm): Footprint C11
[lib_footprint_issues]: The footprint library 'Symm60HE_Project' is not enabled in the current configuration
    Local override; warning
    @(203.0090 mm, 3.0367 mm): Footprint C12
[lib_footprint_issues]: The footprint library 'Symm60HE_Project' is not enabled in the current configuration
    Local override; warning
    @(174.0090 mm, 18.0367 mm): Footprint C14
[lib_footprint_issues]: The footprint library 'Symm60HE_Project' is not enabled in the current configuration
    Local override; warning
    @(176.8090 mm, 2.6367 mm): Footprint C7
[lib_footprint_issues]: The footprint library 'Symm60HE_Project' is not enabled in the current configuration
    Local override; warning
    @(194.0090 mm, 19.0367 mm): Footprint C15
[lib_footprint_issues]: The footprint library 'Symm60HE_Project' is not enabled in the current configuration
    Local override; warning
    @(209.0000 mm, 19.2000 mm): Footprint FIDB3
[lib_footprint_issues]: The footprint library 'Symm60HE_Project' is not enabled in the current configuration
    Local override; warning
    @(201.2090 mm, 0.7367 mm): Footprint C13
[lib_footprint_issues]: The footprint library 'Symm60HE_Project' is not enabled in the current configuration
    Local override; warning
    @(180.0000 mm, -5.0000 mm): Footprint FIDB2
[lib_footprint_issues]: The footprint library 'Symm60HE_Project' is not enabled in the current configuration
    Local override; warning
    @(177.0090 mm, 4.6367 mm): Footprint C5
[lib_footprint_issues]: The footprint library 'Symm60HE_Project' is not enabled in the current configuration
    Local override; warning
    @(180.0090 mm, 19.0367 mm): Footprint C3
[lib_footprint_issues]: The footprint library 'Symm60HE_Project' is not enabled in the current configuration
    Local override; warning
    @(189.5090 mm, 9.0367 mm): Footprint C8
[lib_footprint_issues]: The footprint library 'Symm60HE_Project' is not enabled in the current configuration
    Local override; warning
    @(188.8090 mm, 11.5367 mm): Footprint C6
[lib_footprint_issues]: The footprint library 'Symm60HE_Project' is not enabled in the current configuration
    Local override; warning
    @(188.5090 mm, 19.0367 mm): Footprint C10
[lib_footprint_issues]: The footprint library 'Symm60HE_Project' is not enabled in the current configuration
    Local override; warning
    @(186.0090 mm, 19.0367 mm): Footprint C9
[lib_footprint_issues]: The footprint library 'Symm60HE_Project' is not enabled in the current configuration
    Local override; warning
    @(176.8090 mm, 1.2367 mm): Footprint R4

** Found 0 unconnected pads **

** Found 0 Footprint errors **

** Ignored checks **
    - Hole clearance violation
    - Drilled hole too close to other hole
    - Annular width
    - Courtyards overlap
    - Footprint has no courtyard defined
    - Footprint has malformed courtyard
    - Track endpoint not centered on via
    - Tuning profile track geometries
    - Footprint doesn't match symbol's footprint filters
    - Silkscreen clearance
    - Silkscreen clipped by solder mask
    - Silkscreen clipped by board edge
    - Text height out of range
    - Text thickness out of range
    - Mirrored text on front layer
    - Non-Mirrored text on back layer
    - PTH inside courtyard
    - NPTH inside courtyard
    - Footprint component type doesn't match footprint pads

** End of Report **
