** Drc report for Symm60HE-three-key-left-wkl-right-Left.kicad_pcb **
** Created on 2026-09-22T18:24:09 **
** Report includes: Errors, Warnings, Exclusions **

** Found 97 DRC violations **
[lib_footprint_mismatch]: Footprint 'STABILIZER_MX_2U' does not match copy in library 'Symm60HE_Project'
    Local override; warning
    @(121.5620 mm, 92.9250 mm): Footprint SL2
[lib_footprint_mismatch]: Footprint 'MountingHole_2.2mm_M2_NPTH' does not match copy in library 'Symm60HE_Project'
    Local override; warning
    @(100.0000 mm, 92.0000 mm): Footprint MHL4
[lib_footprint_mismatch]: Footprint 'MountingHole_2.2mm_M2_NPTH' does not match copy in library 'Symm60HE_Project'
    Local override; warning
    @(137.0000 mm, 50.0000 mm): Footprint MHL3
[lib_footprint_mismatch]: Footprint 'MountingHole_2.2mm_M2_NPTH' does not match copy in library 'Symm60HE_Project'
    Local override; warning
    @(28.0000 mm, 22.0000 mm): Footprint MHL1
[lib_footprint_mismatch]: Footprint 'MountingHole_2.2mm_M2_NPTH' does not match copy in library 'Symm60HE_Project'
    Local override; warning
    @(38.0000 mm, 66.0000 mm): Footprint MHL2
[lib_footprint_mismatch]: Footprint 'C1_C_0402_1005Metric' does not match copy in library 'Symm60HE_Project'
    Local override; warning
    @(93.0413 mm, 76.0891 mm): Footprint CL24B
[lib_footprint_mismatch]: Footprint 'C1_C_0402_1005Metric' does not match copy in library 'Symm60HE_Project'
    Local override; warning
    @(70.5264 mm, 18.7055 mm): Footprint CRGBL4
[lib_footprint_mismatch]: Footprint 'C1_C_0402_1005Metric' does not match copy in library 'Symm60HE_Project'
    Local override; warning
    @(114.5482 mm, 21.7557 mm): Footprint CL6B
[lib_footprint_mismatch]: Footprint 'AM1_SOIC-16_3.9x9.9mm_P1.27mm' does not match copy in library 'Symm60HE_Project'
    Local override; warning
    @(68.5388 mm, 60.6704 mm): Footprint AML3
[lib_footprint_mismatch]: Footprint 'C1_C_0402_1005Metric' does not match copy in library 'Symm60HE_Project'
    Local override; warning
    @(106.0510 mm, 73.9130 mm): Footprint CL25B
[lib_footprint_mismatch]: Footprint 'C1_C_0402_1005Metric' does not match copy in library 'Symm60HE_Project'
    Local override; warning
    @(89.6014 mm, 56.4469 mm): Footprint CL18B
[lib_footprint_mismatch]: Footprint 'C1_C_0402_1005Metric' does not match copy in library 'Symm60HE_Project'
    Local override; warning
    @(44.2910 mm, 56.5750 mm): Footprint CRGBL19
[lib_footprint_mismatch]: Footprint 'C1_C_0402_1005Metric' does not match copy in library 'Symm60HE_Project'
    Local override; warning
    @(119.6701 mm, 62.9156 mm): Footprint CRGBL15
[lib_footprint_mismatch]: Footprint 'C1_C_0402_1005Metric' does not match copy in library 'Symm60HE_Project'
    Local override; warning
    @(54.6530 mm, 72.0250 mm): Footprint CRGBL22
[lib_footprint_issues]: Footprint 'SK6812MINI-E_ReverseMount' not found in library 'Symm60HE_Project'
    Local override; warning
    @(104.8679 mm, 76.4119 mm): Footprint DL25
[lib_footprint_mismatch]: Footprint 'C1_C_0402_1005Metric' does not match copy in library 'Symm60HE_Project'
    Local override; warning
    @(96.8047 mm, 40.2160 mm): Footprint CRGBL8
[lib_footprint_mismatch]: Footprint 'C1_C_0402_1005Metric' does not match copy in library 'Symm60HE_Project'
    Local override; warning
    @(111.0177 mm, 26.3645 mm): Footprint CL13A
[lib_footprint_issues]: Footprint 'SK6812MINI-E_ReverseMount' not found in library 'Symm60HE_Project'
    Local override; warning
    @(18.0970 mm, 72.0250 mm): Footprint DL21
[lib_footprint_mismatch]: Footprint 'C1_C_0402_1005Metric' does not match copy in library 'Symm60HE_Project'
    Local override; warning
    @(18.0970 mm, 75.6250 mm): Footprint CRGBL21
[lib_footprint_mismatch]: Footprint 'C1_C_0402_1005Metric' does not match copy in library 'Symm60HE_Project'
    Local override; warning
    @(129.9834 mm, 81.9585 mm): Footprint CL26B
[lib_footprint_mismatch]: Footprint 'C1_C_0402_1005Metric' does not match copy in library 'Symm60HE_Project'
    Local override; warning
    @(129.8302 mm, 29.3543 mm): Footprint CL14A
[lib_footprint_mismatch]: Footprint 'C1_C_0402_1005Metric' does not match copy in library 'Symm60HE_Project'
    Local override; warning
    @(100.8665 mm, 59.9362 mm): Footprint CRGBL16
[lib_footprint_mismatch]: Footprint 'C1_C_0402_1005Metric' does not match copy in library 'Symm60HE_Project'
    Local override; warning
    @(64.7649 mm, 2.5319 mm): Footprint CL4A
[lib_footprint_mismatch]: Footprint 'C1_C_0402_1005Metric' does not match copy in library 'Symm60HE_Project'
    Local override; warning
    @(126.5111 mm, 25.7416 mm): Footprint CRGBL7
[lib_footprint_mismatch]: Footprint 'C1_C_0402_1005Metric' does not match copy in library 'Symm60HE_Project'
    Local override; warning
    @(77.2246 mm, 17.0037 mm): Footprint CL4B
[lib_footprint_mismatch]: Footprint 'C1_C_0402_1005Metric' does not match copy in library 'Symm60HE_Project'
    Local override; warning
    @(107.7087 mm, 22.7480 mm): Footprint CRGBL6
[lib_footprint_issues]: Footprint 'SK6812MINI-E_ReverseMount' not found in library 'Symm60HE_Project'
    Local override; warning
    @(18.0970 mm, 52.9750 mm): Footprint DL20
[lib_footprint_mismatch]: Footprint 'C1_C_0402_1005Metric' does not match copy in library 'Symm60HE_Project'
    Local override; warning
    @(121.8964 mm, 42.0595 mm): Footprint CL13B
[lib_footprint_mismatch]: Footprint 'C1_C_0402_1005Metric' does not match copy in library 'Symm60HE_Project'
    Local override; warning
    @(72.9554 mm, 21.7798 mm): Footprint CL11A
[lib_footprint_mismatch]: Footprint 'C1_C_0402_1005Metric' does not match copy in library 'Symm60HE_Project'
    Local override; warning
    @(77.9161 mm, 41.3427 mm): Footprint CL18A
[lib_footprint_issues]: Footprint 'SK6812MINI-E_ReverseMount' not found in library 'Symm60HE_Project'
    Local override; warning
    @(89.8304 mm, 16.7987 mm): Footprint DL5
[lib_footprint_mismatch]: Footprint 'C1_C_0402_1005Metric' does not match copy in library 'Symm60HE_Project'
    Local override; warning
    @(58.3245 mm, 40.6003 mm): Footprint CL17A
[lib_footprint_mismatch]: Footprint 'C1_C_0402_1005Metric' does not match copy in library 'Symm60HE_Project'
    Local override; warning
    @(126.5096 mm, 61.9232 mm): Footprint CL20B
[lib_footprint_mismatch]: Footprint 'C1_C_0402_1005Metric' does not match copy in library 'Symm60HE_Project'
    Local override; warning
    @(90.2171 mm, 93.3891 mm): Footprint CRGBL30
[lib_footprint_mismatch]: Footprint 'C1_C_0402_1005Metric' does not match copy in library 'Symm60HE_Project'
    Local override; warning
    @(92.4920 mm, 81.3100 mm): Footprint CL32A
[lib_footprint_mismatch]: Footprint 'C1_C_0402_1005Metric' does not match copy in library 'Symm60HE_Project'
    Local override; warning
    @(103.6694 mm, 6.0607 mm): Footprint CL6A
[lib_footprint_mismatch]: Footprint 'C1_C_0402_1005Metric' does not match copy in library 'Symm60HE_Project'
    Local override; warning
    @(70.7842 mm, 55.0722 mm): Footprint CL17B
[lib_footprint_mismatch]: Footprint 'C1_C_0402_1005Metric' does not match copy in library 'Symm60HE_Project'
    Local override; warning
    @(133.8695 mm, 46.0416 mm): Footprint CRGBL14
[lib_footprint_mismatch]: Footprint 'AM1_SOIC-16_3.9x9.9mm_P1.27mm' does not match copy in library 'Symm60HE_Project'
    Local override; warning
    @(75.4180 mm, 82.4250 mm): Footprint AML4
[lib_footprint_issues]: Footprint 'SK6812MINI-E_ReverseMount' not found in library 'Symm60HE_Project'
    Local override; warning
    @(49.0530 mm, 91.0750 mm): Footprint DL29
[lib_footprint_mismatch]: Footprint 'C1_C_0402_1005Metric' does not match copy in library 'Symm60HE_Project'
    Local override; warning
    @(123.1439 mm, 82.9508 mm): Footprint CRGBL26
[lib_footprint_mismatch]: Footprint 'C1_C_0402_1005Metric' does not match copy in library 'Symm60HE_Project'
    Local override; warning
    @(84.5470 mm, 3.9259 mm): Footprint CL5A
[lib_footprint_issues]: Footprint 'SK6812MINI-E_ReverseMount' not found in library 'Symm60HE_Project'
    Local override; warning
    @(51.9100 mm, 14.8750 mm): Footprint DL3
[lib_footprint_mismatch]: Footprint 'C1_C_0402_1005Metric' does not match copy in library 'Symm60HE_Project'
    Local override; warning
    @(115.6309 mm, 46.2283 mm): Footprint CL20A
[lib_footprint_issues]: Footprint 'SK6812MINI-E_ReverseMount' not found in library 'Symm60HE_Project'
    Local override; warning
    @(84.6478 mm, 92.8037 mm): Footprint DL30
[lib_footprint_mismatch]: Footprint 'C1_C_0402_1005Metric' does not match copy in library 'Symm60HE_Project'
    Local override; warning
    @(133.3506 mm, 24.7494 mm): Footprint CL7B
[lib_footprint_mismatch]: Footprint 'FFC_12P_1.00mm_TopContact' does not match copy in library 'Symm60HE_Project'
    Local override; warning
    @(140.2090 mm, 58.0000 mm): Footprint JL1
[lib_footprint_issues]: Footprint 'SK6812MINI-E_ReverseMount' not found in library 'Symm60HE_Project'
    Local override; warning
    @(49.0530 mm, 72.0250 mm): Footprint DL22
[lib_footprint_mismatch]: Footprint 'C1_C_0402_1005Metric' does not match copy in library 'Symm60HE_Project'
    Local override; warning
    @(81.3560 mm, 60.9849 mm): Footprint CL24A
[lib_footprint_issues]: Footprint 'SK6812MINI-E_ReverseMount' not found in library 'Symm60HE_Project'
    Local override; warning
    @(134.4327 mm, 42.4859 mm): Footprint DL14
[lib_footprint_issues]: Footprint 'SK6812MINI-E_ReverseMount' not found in library 'Symm60HE_Project'
    Local override; warning
    @(70.7148 mm, 15.1105 mm): Footprint DL4
[lib_footprint_issues]: Footprint 'SK6812MINI-E_ReverseMount' not found in library 'Symm60HE_Project'
    Local override; warning
    @(97.1810 mm, 36.6357 mm): Footprint DL8
[lib_footprint_mismatch]: Footprint 'C1_C_0402_1005Metric' does not match copy in library 'Symm60HE_Project'
    Local override; warning
    @(67.4806 mm, 76.0861 mm): Footprint CRGBL23
[lib_footprint_issues]: Footprint 'SK6812MINI-E_ReverseMount' not found in library 'Symm60HE_Project'
    Local override; warning
    @(13.8100 mm, 14.8750 mm): Footprint DL1
[lib_footprint_issues]: Footprint 'SK6812MINI-E_ReverseMount' not found in library 'Symm60HE_Project'
    Local override; warning
    @(30.0030 mm, 91.0750 mm): Footprint DL33
[lib_footprint_issues]: Footprint 'SK6812MINI-E_ReverseMount' not found in library 'Symm60HE_Project'
    Local override; warning
    @(67.6690 mm, 72.4911 mm): Footprint DL23
[lib_footprint_issues]: Footprint 'SK6812MINI-E_ReverseMount' not found in library 'Symm60HE_Project'
    Local override; warning
    @(127.0743 mm, 22.1859 mm): Footprint DL7
[lib_footprint_issues]: Footprint 'SK6812MINI-E_ReverseMount' not found in library 'Symm60HE_Project'
    Local override; warning
    @(44.2910 mm, 52.9750 mm): Footprint DL19
[lib_footprint_issues]: Footprint 'SK6812MINI-E_ReverseMount' not found in library 'Symm60HE_Project'
    Local override; warning
    @(16.6680 mm, 33.9250 mm): Footprint DL12
[lib_footprint_mismatch]: Footprint 'C1_C_0402_1005Metric' does not match copy in library 'Symm60HE_Project'
    Local override; warning
    @(89.4541 mm, 20.3790 mm): Footprint CRGBL5
[lib_footprint_mismatch]: Footprint 'C1_C_0402_1005Metric' does not match copy in library 'Symm60HE_Project'
    Local override; warning
    @(104.3047 mm, 79.9676 mm): Footprint CRGBL25
[lib_footprint_issues]: Footprint 'SK6812MINI-E_ReverseMount' not found in library 'Symm60HE_Project'
    Local override; warning
    @(59.5308 mm, 33.9258 mm): Footprint DL10
[lib_footprint_issues]: Footprint 'SK6812MINI-E_ReverseMount' not found in library 'Symm60HE_Project'
    Local override; warning
    @(78.2388 mm, 34.6525 mm): Footprint DL9
[lib_footprint_mismatch]: Footprint 'C1_C_0402_1005Metric' does not match copy in library 'Symm60HE_Project'
    Local override; warning
    @(82.8233 mm, 57.7958 mm): Footprint CRGBL17
[lib_footprint_issues]: Footprint 'SK6812MINI-E_ReverseMount' not found in library 'Symm60HE_Project'
    Local override; warning
    @(86.6394 mm, 73.8577 mm): Footprint DL24
[lib_footprint_mismatch]: Footprint 'C1_C_0402_1005Metric' does not match copy in library 'Symm60HE_Project'
    Local override; warning
    @(115.0569 mm, 43.0518 mm): Footprint CRGBL13
[lib_footprint_mismatch]: Footprint 'C1_C_0402_1005Metric' does not match copy in library 'Symm60HE_Project'
    Local override; warning
    @(18.0970 mm, 56.5750 mm): Footprint CRGBL20
[lib_footprint_mismatch]: Footprint 'C1_C_0402_1005Metric' does not match copy in library 'Symm60HE_Project'
    Local override; warning
    @(103.5828 mm, 38.8671 mm): Footprint CL12B
[lib_footprint_issues]: Footprint 'SK6812MINI-E_ReverseMount' not found in library 'Symm60HE_Project'
    Local override; warning
    @(10.9530 mm, 91.0750 mm): Footprint DL27
[lib_footprint_mismatch]: Footprint 'C1_C_0402_1005Metric' does not match copy in library 'Symm60HE_Project'
    Local override; warning
    @(107.7060 mm, 58.9439 mm): Footprint CL19B
[lib_footprint_mismatch]: Footprint 'C1_C_0402_1005Metric' does not match copy in library 'Symm60HE_Project'
    Local override; warning
    @(74.1788 mm, 74.3844 mm): Footprint CL23B
[lib_footprint_mismatch]: Footprint 'C1_C_0402_1005Metric' does not match copy in library 'Symm60HE_Project'
    Local override; warning
    @(69.8667 mm, 53.4719 mm): Footprint CRGBL18
[lib_footprint_issues]: Footprint 'SK6812MINI-E_ReverseMount' not found in library 'Symm60HE_Project'
    Local override; warning
    @(120.2333 mm, 59.3599 mm): Footprint DL15
[lib_footprint_mismatch]: Footprint 'C1_C_0402_1005Metric' does not match copy in library 'Symm60HE_Project'
    Local override; warning
    @(91.8976 mm, 23.7629 mm): Footprint CL12A
[lib_footprint_issues]: Footprint 'SK6812MINI-E_ReverseMount' not found in library 'Symm60HE_Project'
    Local override; warning
    @(64.2744 mm, 53.1789 mm): Footprint DL18
[lib_footprint_issues]: Footprint 'SK6812MINI-E_ReverseMount' not found in library 'Symm60HE_Project'
    Local override; warning
    @(32.8600 mm, 14.8750 mm): Footprint DL2
[lib_footprint_issues]: Footprint 'SK6812MINI-E_ReverseMount' not found in library 'Symm60HE_Project'
    Local override; warning
    @(40.4800 mm, 33.9250 mm): Footprint DL11
[lib_footprint_mismatch]: Footprint 'C1_C_0402_1005Metric' does not match copy in library 'Symm60HE_Project'
    Local override; warning
    @(96.2322 mm, 19.0301 mm): Footprint CL5B
[lib_footprint_mismatch]: Footprint 'C1_C_0402_1005Metric' does not match copy in library 'Symm60HE_Project'
    Local override; warning
    @(126.2561 mm, 99.0852 mm): Footprint CRGBL31
[lib_footprint_mismatch]: Footprint 'C1_C_0402_1005Metric' does not match copy in library 'Symm60HE_Project'
    Local override; warning
    @(140.7090 mm, 45.0494 mm): Footprint CL14B
[lib_footprint_mismatch]: Footprint 'C1_C_0402_1005Metric' does not match copy in library 'Symm60HE_Project'
    Local override; warning
    @(119.1046 mm, 66.2634 mm): Footprint CL26A
[lib_footprint_mismatch]: Footprint 'C1_C_0402_1005Metric' does not match copy in library 'Symm60HE_Project'
    Local override; warning
    @(100.2655 mm, 63.2803 mm): Footprint CL25A
[lib_footprint_mismatch]: Footprint 'C1_C_0402_1005Metric' does not match copy in library 'Symm60HE_Project'
    Local override; warning
    @(115.3210 mm, 100.1510 mm): Footprint CL33B
[lib_footprint_mismatch]: Footprint 'C1_C_0402_1005Metric' does not match copy in library 'Symm60HE_Project'
    Local override; warning
    @(77.9220 mm, 93.6550 mm): Footprint CL32B
[lib_footprint_mismatch]: Footprint 'C1_C_0402_1005Metric' does not match copy in library 'Symm60HE_Project'
    Local override; warning
    @(127.8030 mm, 85.6990 mm): Footprint CL33A
[lib_footprint_mismatch]: Footprint 'C1_C_0402_1005Metric' does not match copy in library 'Symm60HE_Project'
    Local override; warning
    @(61.7191 mm, 59.9124 mm): Footprint CL23A
[lib_footprint_issues]: Footprint 'SK6812MINI-E_ReverseMount' not found in library 'Symm60HE_Project'
    Local override; warning
    @(83.1996 mm, 54.2155 mm): Footprint DL17
[lib_footprint_issues]: Footprint 'SK6812MINI-E_ReverseMount' not found in library 'Symm60HE_Project'
    Local override; warning
    @(120.7251 mm, 98.2091 mm): Footprint DL31
[lib_footprint_mismatch]: Footprint 'C1_C_0402_1005Metric' does not match copy in library 'Symm60HE_Project'
    Local override; warning
    @(86.2631 mm, 77.4380 mm): Footprint CRGBL24
[lib_footprint_mismatch]: Footprint 'C1_C_0402_1005Metric' does not match copy in library 'Symm60HE_Project'
    Local override; warning
    @(96.8273 mm, 43.2489 mm): Footprint CL19A
[lib_footprint_issues]: Footprint 'SK6812MINI-E_ReverseMount' not found in library 'Symm60HE_Project'
    Local override; warning
    @(123.7071 mm, 79.3951 mm): Footprint DL26
[lib_footprint_issues]: Footprint 'SK6812MINI-E_ReverseMount' not found in library 'Symm60HE_Project'
    Local override; warning
    @(115.6201 mm, 39.4961 mm): Footprint DL13
[lib_footprint_mismatch]: Footprint 'C1_C_0402_1005Metric' does not match copy in library 'Symm60HE_Project'
    Local override; warning
    @(122.4719 mm, 9.0543 mm): Footprint CL7A
[lib_footprint_mismatch]: Footprint 'C1_C_0402_1005Metric' does not match copy in library 'Symm60HE_Project'
    Local override; warning
    @(77.8625 mm, 38.2328 mm): Footprint CRGBL9
[lib_footprint_mismatch]: Footprint 'C1_C_0402_1005Metric' does not match copy in library 'Symm60HE_Project'
    Local override; warning
    @(84.6406 mm, 36.8839 mm): Footprint CL11B
[lib_footprint_issues]: Footprint 'SK6812MINI-E_ReverseMount' not found in library 'Symm60HE_Project'
    Local override; warning
    @(108.2719 mm, 19.1923 mm): Footprint DL6
[lib_footprint_issues]: Footprint 'SK6812MINI-E_ReverseMount' not found in library 'Symm60HE_Project'
    Local override; warning
    @(101.4297 mm, 56.3805 mm): Footprint DL16

** Found 0 unconnected pads **

** Found 0 Footprint errors **

** Ignored checks **
    - Annular width
    - Courtyards overlap
    - Footprint has no courtyard defined
    - Footprint has malformed courtyard
    - Tuning profile track geometries
    - Footprint doesn't match symbol's footprint filters
    - Silkscreen clearance
    - Silkscreen clipped by solder mask
    - Silkscreen clipped by board edge
    - Text height out of range
    - Text thickness out of range
    - Mirrored text on front layer
    - Non-Mirrored text on back layer
    - PTH inside courtyard
    - NPTH inside courtyard
    - Footprint component type doesn't match footprint pads

** End of Report **
