** Drc report for Symm60HE-Right.kicad_pcb **
** Created on 2026-09-22T23:08:45 **
** Report includes: Errors, Warnings, Exclusions **

** Found 295 DRC violations **
[missing_courtyard]: Footprint has no courtyard defined
    Local override; warning
    @(180.8559 mm, 92.9251 mm): Footprint SR3
[missing_courtyard]: Footprint has no courtyard defined
    Local override; warning
    @(284.3210 mm, 66.6750 mm): Footprint SR2
[missing_courtyard]: Footprint has no courtyard defined
    Local override; warning
    @(279.0830 mm, 9.5250 mm): Footprint SR1
[courtyards_overlap]: Courtyards overlap
    Rule: board setup constraints courtyard; warning
    @(238.1424 mm, 53.1805 mm): Footprint DR16
    @(233.8800 mm, 60.6720 mm): Footprint AMR3
[courtyards_overlap]: Courtyards overlap
    Rule: board setup constraints courtyard; warning
    @(288.8000 mm, 71.5000 mm): Footprint CR26A
    @(284.3210 mm, 72.0250 mm): Footprint DR21
[courtyards_overlap]: Courtyards overlap
    Rule: board setup constraints courtyard; warning
    @(164.2090 mm, 58.0000 mm): Footprint JR1
    @(167.0000 mm, 49.0000 mm): Footprint MHR1
[npth_inside_courtyard]: NPTH inside courtyard
    Local override; warning
    @(167.0000 mm, 49.0000 mm): NPTH pad of MHR1
    @(164.2090 mm, 58.0000 mm): Footprint JR1
[npth_inside_courtyard]: NPTH inside courtyard
    Local override; warning
    @(222.2635 mm, 86.9516 mm): NPTH pad of HER35
    @(227.0000 mm, 82.4250 mm): Footprint AMR4
[courtyards_overlap]: Courtyards overlap
    Rule: board setup constraints courtyard; warning
    @(234.4698 mm, 67.1500 mm): Footprint HER22
    @(233.8800 mm, 60.6720 mm): Footprint AMR3
[npth_inside_courtyard]: NPTH inside courtyard
    Local override; warning
    @(272.4148 mm, 74.9300 mm): NPTH pad of SR2
    @(272.4150 mm, 71.0750 mm): Footprint DR22
[npth_inside_courtyard]: NPTH inside courtyard
    Local override; warning
    @(296.2273 mm, 74.9300 mm): NPTH pad of SR2
    @(293.8460 mm, 71.0750 mm): Footprint DR34
[courtyards_overlap]: Courtyards overlap
    Rule: board setup constraints courtyard; warning
    @(233.7177 mm, 57.5762 mm): Footprint CMR3
    @(233.8800 mm, 60.6720 mm): Footprint AMR3
[npth_inside_courtyard]: NPTH inside courtyard
    Local override; warning
    @(267.1768 mm, 17.7800 mm): NPTH pad of SR1
    @(271.4580 mm, 14.3750 mm): Footprint DR4
[npth_inside_courtyard]: NPTH inside courtyard
    Local override; warning
    @(290.9893 mm, 17.7800 mm): NPTH pad of SR1
    @(286.7080 mm, 14.3750 mm): Footprint DR5
[courtyards_overlap]: Courtyards overlap
    Rule: board setup constraints courtyard; warning
    @(234.0000 mm, 62.5000 mm): Footprint RBPR24
    @(233.8800 mm, 60.6720 mm): Footprint AMR3
[silk_edge_clearance]: Silkscreen clipped by board edge
    Rule: board setup constraints silk; warning
    @(279.0830 mm, 16.3750 mm): Segment of DR33 on Edge.Cuts
    @(279.0830 mm, 17.4750 mm): Reference field of DR33
[lib_footprint_issues]: The current configuration does not include the footprint library 'Symm60HE_Project'
    Local override; warning
    @(273.0000 mm, 21.0000 mm): Footprint MHR3
[lib_footprint_issues]: The current configuration does not include the footprint library 'Symm60HE_Project'
    Local override; warning
    @(180.8559 mm, 92.9251 mm): Footprint SR3
[lib_footprint_issues]: The current configuration does not include the footprint library 'Symm60HE_Project'
    Local override; warning
    @(299.0000 mm, 44.0000 mm): Footprint MHR4
[lib_footprint_issues]: The current configuration does not include the footprint library 'Symm60HE_Project'
    Local override; warning
    @(204.0000 mm, 92.0000 mm): Footprint MHR2
[lib_footprint_issues]: The current configuration does not include the footprint library 'Symm60HE_Project'
    Local override; warning
    @(284.3210 mm, 66.6750 mm): Footprint SR2
[lib_footprint_issues]: The current configuration does not include the footprint library 'Symm60HE_Project'
    Local override; warning
    @(167.0000 mm, 49.0000 mm): Footprint MHR1
[lib_footprint_issues]: The current configuration does not include the footprint library 'Symm60HE_Project'
    Local override; warning
    @(279.0830 mm, 9.5250 mm): Footprint SR1
[lib_footprint_issues]: The current configuration does not include the footprint library 'Symm60HE_Project'
    Local override; warning
    @(290.4500 mm, 33.9250 mm): Footprint CRGBR8
[lib_footprint_issues]: The current configuration does not include the footprint library 'Symm60HE_Project'
    Local override; warning
    @(174.7480 mm, 42.9831 mm): Footprint CR15B
[lib_footprint_issues]: The current configuration does not include the footprint library 'Symm60HE_Project'
    Local override; warning
    @(292.3500 mm, 35.4750 mm): Footprint CR11B
[lib_footprint_issues]: The current configuration does not include the footprint library 'Symm60HE_Project'
    Local override; warning
    @(216.3356 mm, 23.1595 mm): Footprint CR12A
[lib_footprint_issues]: The current configuration does not include the footprint library 'Symm60HE_Project'
    Local override; warning
    @(209.9261 mm, 81.3103 mm): Footprint CR35A
[lib_footprint_issues]: The current configuration does not include the footprint library 'Symm60HE_Project'
    Local override; warning
    @(266.6380 mm, 33.9250 mm): Footprint CRGBR9
[lib_footprint_issues]: The current configuration does not include the footprint library 'Symm60HE_Project'
    Local override; warning
    @(251.1270 mm, 78.8250 mm): Footprint CR31A
[lib_footprint_issues]: The current configuration does not include the footprint library 'Symm60HE_Project'
    Local override; warning
    @(223.3398 mm, 92.2180 mm): Footprint CRGBR28
[lib_footprint_issues]: The current configuration does not include the footprint library 'Symm60HE_Project'
    Local override; warning
    @(181.6928 mm, 98.2092 mm): Footprint DR32
[lib_footprint_issues]: The current configuration does not include the footprint library 'Symm60HE_Project'
    Local override; warning
    @(263.4770 mm, 85.7250 mm): Footprint DR29
[lib_footprint_issues]: The current configuration does not include the footprint library 'Symm60HE_Project'
    Local override; warning
    @(170.2771 mm, 68.3284 mm): Footprint CR29A
[lib_footprint_issues]: The current configuration does not include the footprint library 'Symm60HE_Project'
    Local override; warning
    @(230.9104 mm, 41.2926 mm): Footprint CR16A
[lib_footprint_issues]: The current configuration does not include the footprint library 'Symm60HE_Project'
    Local override; warning
    @(238.1424 mm, 53.1805 mm): Footprint DR16
[lib_footprint_issues]: The current configuration does not include the footprint library 'Symm60HE_Project'
    Local override; warning
    @(288.8000 mm, 71.5000 mm): Footprint CR26A
[lib_footprint_issues]: The current configuration does not include the footprint library 'Symm60HE_Project'
    Local override; warning
    @(219.3137 mm, 17.6499 mm): Footprint CR6B
[lib_footprint_issues]: The current configuration does not include the footprint library 'Symm60HE_Project'
    Local override; warning
    @(175.9063 mm, 25.7410 mm): Footprint CRGBR7
[lib_footprint_issues]: The current configuration does not include the footprint library 'Symm60HE_Project'
    Local override; warning
    @(194.7101 mm, 22.7494 mm): Footprint CRGBR6
[lib_footprint_issues]: The current configuration does not include the footprint library 'Symm60HE_Project'
    Local override; warning
    @(219.2180 mm, 54.2153 mm): Footprint DR15
[lib_footprint_issues]: The current configuration does not include the footprint library 'Symm60HE_Project'
    Local override; warning
    @(173.7507 mm, 48.2924 mm): Footprint CR21A
[lib_footprint_issues]: The current configuration does not include the footprint library 'Symm60HE_Project'
    Local override; warning
    @(284.8650 mm, 77.0000 mm): Footprint CR34A
[lib_footprint_issues]: The current configuration does not include the footprint library 'Symm60HE_Project'
    Local override; warning
    @(246.7650 mm, 59.7750 mm): Footprint CR23A
[lib_footprint_issues]: The current configuration does not include the footprint library 'Symm60HE_Project'
    Local override; warning
    @(178.3609 mm, 28.4302 mm): Footprint CR14A
[lib_footprint_issues]: The current configuration does not include the footprint library 'Symm60HE_Project'
    Local override; warning
    @(244.8145 mm, 54.3829 mm): Footprint CR16B
[lib_footprint_issues]: The current configuration does not include the footprint library 'Symm60HE_Project'
    Local override; warning
    @(187.2239 mm, 97.3332 mm): Footprint CRGBR32
[lib_footprint_issues]: The current configuration does not include the footprint library 'Symm60HE_Project'
    Local override; warning
    @(279.1500 mm, 21.6750 mm): Footprint CR11A
[lib_footprint_issues]: The current configuration does not include the footprint library 'Symm60HE_Project'
    Local override; warning
    @(164.2090 mm, 58.0000 mm): Footprint JR1
[lib_footprint_issues]: The current configuration does not include the footprint library 'Symm60HE_Project'
    Local override; warning
    @(298.0650 mm, 92.6250 mm): Footprint CR34B
[lib_footprint_issues]: The current configuration does not include the footprint library 'Symm60HE_Project'
    Local override; warning
    @(227.0000 mm, 82.4250 mm): Footprint AMR4
[lib_footprint_issues]: The current configuration does not include the footprint library 'Symm60HE_Project'
    Local override; warning
    @(255.3380 mm, 21.6750 mm): Footprint CR10A
[lib_footprint_issues]: The current configuration does not include the footprint library 'Symm60HE_Project'
    Local override; warning
    @(269.5000 mm, 40.0000 mm): Footprint AMR2
[lib_footprint_issues]: The current configuration does not include the footprint library 'Symm60HE_Project'
    Local override; warning
    @(187.0971 mm, 100.1513 mm): Footprint CR36B
[lib_footprint_issues]: The current configuration does not include the footprint library 'Symm60HE_Project'
    Local override; warning
    @(295.2080 mm, 16.4250 mm): Footprint CR5B
[lib_footprint_issues]: The current configuration does not include the footprint library 'Symm60HE_Project'
    Local override; warning
    @(251.5270 mm, 40.7250 mm): Footprint CR17A
[lib_footprint_issues]: The current configuration does not include the footprint library 'Symm60HE_Project'
    Local override; warning
    @(243.7347 mm, 52.8874 mm): Footprint CRGBR16
[lib_footprint_issues]: The current configuration does not include the footprint library 'Symm60HE_Project'
    Local override; warning
    @(281.3530 mm, 85.7250 mm): Footprint DR31
[lib_footprint_issues]: The current configuration does not include the footprint library 'Symm60HE_Project'
    Local override; warning
    @(284.3210 mm, 72.0250 mm): Footprint DR21
[lib_footprint_issues]: The current configuration does not include the footprint library 'Symm60HE_Project'
    Local override; warning
    @(185.4734 mm, 79.8936 mm): Footprint CR29B
[lib_footprint_issues]: The current configuration does not include the footprint library 'Symm60HE_Project'
    Local override; warning
    @(265.8150 mm, 78.8250 mm): Footprint CR32A
[lib_footprint_issues]: The current configuration does not include the footprint library 'Symm60HE_Project'
    Local override; warning
    @(219.5943 mm, 57.7956 mm): Footprint CRGBR15
[lib_footprint_issues]: The current configuration does not include the footprint library 'Symm60HE_Project'
    Local override; warning
    @(212.9641 mm, 20.3786 mm): Footprint CRGBR1
[lib_footprint_issues]: The current configuration does not include the footprint library 'Symm60HE_Project'
    Local override; warning
    @(197.5505 mm, 76.4105 mm): Footprint DR26
[lib_footprint_issues]: The current configuration does not include the footprint library 'Symm60HE_Project'
    Local override; warning
    @(207.9346 mm, 62.3653 mm): Footprint CR27A
[lib_footprint_issues]: The current configuration does not include the footprint library 'Symm60HE_Project'
    Local override; warning
    @(272.4150 mm, 71.0750 mm): Footprint DR22
[lib_footprint_issues]: The current configuration does not include the footprint library 'Symm60HE_Project'
    Local override; warning
    @(253.3650 mm, 72.0250 mm): Footprint DR23
[lib_footprint_issues]: The current configuration does not include the footprint library 'Symm60HE_Project'
    Local override; warning
    @(182.1857 mm, 59.3591 mm): Footprint DR20
[lib_footprint_issues]: The current configuration does not include the footprint library 'Symm60HE_Project'
    Local override; warning
    @(224.5561 mm, 38.2328 mm): Footprint CRGBR11
[lib_footprint_issues]: The current configuration does not include the footprint library 'Symm60HE_Project'
    Local override; warning
    @(262.9473 mm, 43.6486 mm): Footprint CMR2
[lib_footprint_issues]: The current configuration does not include the footprint library 'Symm60HE_Project'
    Local override; warning
    @(262.8270 mm, 52.9750 mm): Footprint CRGBR17
[lib_footprint_issues]: The current configuration does not include the footprint library 'Symm60HE_Project'
    Local override; warning
    @(255.2080 mm, 14.8750 mm): Footprint CRGBR3
[lib_footprint_issues]: The current configuration does not include the footprint library 'Symm60HE_Project'
    Local override; warning
    @(187.3591 mm, 43.0526 mm): Footprint CRGBR13
[lib_footprint_issues]: The current configuration does not include the footprint library 'Symm60HE_Project'
    Local override; warning
    @(270.0000 mm, 48.0000 mm): Footprint AMR1
[lib_footprint_issues]: The current configuration does not include the footprint library 'Symm60HE_Project'
    Local override; warning
    @(264.7270 mm, 54.5250 mm): Footprint CR17B
[lib_footprint_issues]: The current configuration does not include the footprint library 'Symm60HE_Project'
    Local override; warning
    @(263.4770 mm, 81.0250 mm): Footprint CRGBR29
[lib_footprint_issues]: The current configuration does not include the footprint library 'Symm60HE_Project'
    Local override; warning
    @(293.8460 mm, 71.0750 mm): Footprint DR34
[lib_footprint_issues]: The current configuration does not include the footprint library 'Symm60HE_Project'
    Local override; warning
    @(272.5000 mm, 78.0000 mm): Footprint RBPR31
[lib_footprint_issues]: The current configuration does not include the footprint library 'Symm60HE_Project'
    Local override; warning
    @(258.1270 mm, 52.9750 mm): Footprint DR17
[lib_footprint_issues]: The current configuration does not include the footprint library 'Symm60HE_Project'
    Local override; warning
    @(197.3923 mm, 25.1439 mm): Footprint CR13A
[lib_footprint_issues]: The current configuration does not include the footprint library 'Symm60HE_Project'
    Local override; warning
    @(291.4080 mm, 14.3750 mm): Footprint CRGBR5
[lib_footprint_issues]: The current configuration does not include the footprint library 'Symm60HE_Project'
    Local override; warning
    @(284.0080 mm, 6.9250 mm): Footprint CR5A
[lib_footprint_issues]: The current configuration does not include the footprint library 'Symm60HE_Project'
    Local override; warning
    @(249.4880 mm, 35.4750 mm): Footprint CR9B
[lib_footprint_issues]: The current configuration does not include the footprint library 'Symm60HE_Project'
    Local override; warning
    @(234.7498 mm, 72.4927 mm): Footprint DR24
[lib_footprint_issues]: The current configuration does not include the footprint library 'Symm60HE_Project'
    Local override; warning
    @(280.1030 mm, 78.8250 mm): Footprint CR33A
[lib_footprint_issues]: The current configuration does not include the footprint library 'Symm60HE_Project'
    Local override; warning
    @(285.7500 mm, 33.9250 mm): Footprint DR8
[lib_footprint_issues]: The current configuration does not include the footprint library 'Symm60HE_Project'
    Local override; warning
    @(227.5177 mm, 60.6049 mm): Footprint CR22A
[lib_footprint_issues]: The current configuration does not include the footprint library 'Symm60HE_Project'
    Local override; warning
    @(263.4473 mm, 51.6486 mm): Footprint CMR1
[lib_footprint_issues]: The current configuration does not include the footprint library 'Symm60HE_Project'
    Local override; warning
    @(259.9650 mm, 92.6250 mm): Footprint CR30B
[lib_footprint_issues]: The current configuration does not include the footprint library 'Symm60HE_Project'
    Local override; warning
    @(293.3030 mm, 92.6250 mm): Footprint CR33B
[lib_footprint_issues]: The current configuration does not include the footprint library 'Symm60HE_Project'
    Local override; warning
    @(250.5080 mm, 14.8750 mm): Footprint DR3
[lib_footprint_issues]: The current configuration does not include the footprint library 'Symm60HE_Project'
    Local override; warning
    @(211.3737 mm, 42.7223 mm): Footprint CR19A
[lib_footprint_issues]: The current configuration does not include the footprint library 'Symm60HE_Project'
    Local override; warning
    @(233.7177 mm, 57.5762 mm): Footprint CMR3
[lib_footprint_issues]: The current configuration does not include the footprint library 'Symm60HE_Project'
    Local override; warning
    @(204.3117 mm, 76.9090 mm): Footprint CR28B
[lib_footprint_issues]: The current configuration does not include the footprint library 'Symm60HE_Project'
    Local override; warning
    @(200.9889 mm, 56.3819 mm): Footprint DR19
[lib_footprint_issues]: The current configuration does not include the footprint library 'Symm60HE_Project'
    Local override; warning
    @(296.5000 mm, 49.5000 mm): Footprint AMR5
[lib_footprint_issues]: The current configuration does not include the footprint library 'Symm60HE_Project'
    Local override; warning
    @(215.7788 mm, 73.8583 mm): Footprint DR25
[lib_footprint_issues]: The current configuration does not include the footprint library 'Symm60HE_Project'
    Local override; warning
    @(279.0830 mm, 18.4750 mm): Footprint CRGBR33
[lib_footprint_issues]: The current configuration does not include the footprint library 'Symm60HE_Project'
    Local override; warning
    @(233.5527 mm, 78.8514 mm): Footprint CMR4
[lib_footprint_issues]: The current configuration does not include the footprint library 'Symm60HE_Project'
    Local override; warning
    @(257.1080 mm, 16.4250 mm): Footprint CR2B
[lib_footprint_issues]: The current configuration does not include the footprint library 'Symm60HE_Project'
    Local override; warning
    @(268.5380 mm, 35.4750 mm): Footprint CR10B
[lib_footprint_issues]: The current configuration does not include the footprint library 'Symm60HE_Project'
    Local override; warning
    @(277.1150 mm, 91.0750 mm): Footprint CRGBR36
[lib_footprint_issues]: The current configuration does not include the footprint library 'Symm60HE_Project'
    Local override; warning
    @(217.7705 mm, 92.8033 mm): Footprint DR28
[lib_footprint_issues]: The current configuration does not include the footprint library 'Symm60HE_Project'
    Local override; warning
    @(279.6210 mm, 72.0250 mm): Footprint CRGBR21
[lib_footprint_issues]: The current configuration does not include the footprint library 'Symm60HE_Project'
    Local override; warning
    @(279.6210 mm, 52.9750 mm): Footprint CRGBR18
[lib_footprint_issues]: The current configuration does not include the footprint library 'Symm60HE_Project'
    Local override; warning
    @(247.5880 mm, 33.9250 mm): Footprint CRGBR10
[lib_footprint_issues]: The current configuration does not include the footprint library 'Symm60HE_Project'
    Local override; warning
    @(284.3210 mm, 52.9750 mm): Footprint DR18
[lib_footprint_issues]: The current configuration does not include the footprint library 'Symm60HE_Project'
    Local override; warning
    @(279.0150 mm, 92.6250 mm): Footprint CR32B
[lib_footprint_issues]: The current configuration does not include the footprint library 'Symm60HE_Project'
    Local override; warning
    @(194.1469 mm, 19.1937 mm): Footprint DR6
[lib_footprint_issues]: The current configuration does not include the footprint library 'Symm60HE_Project'
    Local override; warning
    @(189.1155 mm, 65.3438 mm): Footprint CR28A
[lib_footprint_issues]: The current configuration does not include the footprint library 'Symm60HE_Project'
    Local override; warning
    @(271.4580 mm, 14.3750 mm): Footprint DR4
[lib_footprint_issues]: The current configuration does not include the footprint library 'Symm60HE_Project'
    Local override; warning
    @(222.5047 mm, 74.7099 mm): Footprint CR27B
[lib_footprint_issues]: The current configuration does not include the footprint library 'Symm60HE_Project'
    Local override; warning
    @(205.6129 mm, 40.2172 mm): Footprint CRGBR12
[lib_footprint_issues]: The current configuration does not include the footprint library 'Symm60HE_Project'
    Local override; warning
    @(238.3763 mm, 16.3133 mm): Footprint CR1B
[lib_footprint_issues]: The current configuration does not include the footprint library 'Symm60HE_Project'
    Local override; warning
    @(231.7042 mm, 15.1109 mm): Footprint DR2
[lib_footprint_issues]: The current configuration does not include the footprint library 'Symm60HE_Project'
    Local override; warning
    @(290.9210 mm, 54.5250 mm): Footprint CR18B
[lib_footprint_issues]: The current configuration does not include the footprint library 'Symm60HE_Project'
    Local override; warning
    @(288.9210 mm, 64.0750 mm): Footprint CR25B
[lib_footprint_issues]: The current configuration does not include the footprint library 'Symm60HE_Project'
    Local override; warning
    @(277.1150 mm, 71.0750 mm): Footprint CRGBR22
[lib_footprint_issues]: The current configuration does not include the footprint library 'Symm60HE_Project'
    Local override; warning
    @(193.5572 mm, 39.9954 mm): Footprint CR14B
[lib_footprint_issues]: The current configuration does not include the footprint library 'Symm60HE_Project'
    Local override; warning
    @(198.1137 mm, 79.9662 mm): Footprint CRGBR26
[lib_footprint_issues]: The current configuration does not include the footprint library 'Symm60HE_Project'
    Local override; warning
    @(259.9650 mm, 73.5750 mm): Footprint CR23B
[lib_footprint_issues]: The current configuration does not include the footprint library 'Symm60HE_Project'
    Local override; warning
    @(200.9082 mm, 19.6922 mm): Footprint CR7B
[lib_footprint_issues]: The current configuration does not include the footprint library 'Symm60HE_Project'
    Local override; warning
    @(262.9580 mm, 2.6250 mm): Footprint CR3A
[lib_footprint_issues]: The current configuration does not include the footprint library 'Symm60HE_Project'
    Local override; warning
    @(236.2880 mm, 21.6750 mm): Footprint CR9A
[lib_footprint_issues]: The current configuration does not include the footprint library 'Symm60HE_Project'
    Local override; warning
    @(267.5000 mm, 71.5000 mm): Footprint CR24A
[lib_footprint_issues]: The current configuration does not include the footprint library 'Symm60HE_Project'
    Local override; warning
    @(289.9473 mm, 53.1486 mm): Footprint CMR5
[lib_footprint_issues]: The current configuration does not include the footprint library 'Symm60HE_Project'
    Local override; warning
    @(188.9470 mm, 59.8577 mm): Footprint CR21B
[lib_footprint_issues]: The current configuration does not include the footprint library 'Symm60HE_Project'
    Local override; warning
    @(231.8926 mm, 18.7059 mm): Footprint CRGBR2
[lib_footprint_issues]: The current configuration does not include the footprint library 'Symm60HE_Project'
    Local override; warning
    @(166.9080 mm, 11.1186 mm): Footprint CR8A
[lib_footprint_issues]: The current configuration does not include the footprint library 'Symm60HE_Project'
    Local override; warning
    @(274.4830 mm, 6.9250 mm): Footprint CR4A
[lib_footprint_issues]: The current configuration does not include the footprint library 'Symm60HE_Project'
    Local override; warning
    @(300.4460 mm, 73.5750 mm): Footprint CR26B
[lib_footprint_issues]: The current configuration does not include the footprint library 'Symm60HE_Project'
    Local override; warning
    @(168.5499 mm, 46.0404 mm): Footprint CRGBR14
[lib_footprint_issues]: The current configuration does not include the footprint library 'Symm60HE_Project'
    Local override; warning
    @(201.5521 mm, 59.9376 mm): Footprint CRGBR19
[lib_footprint_issues]: The current configuration does not include the footprint library 'Symm60HE_Project'
    Local override; warning
    @(261.9380 mm, 33.9250 mm): Footprint DR9
[lib_footprint_issues]: The current configuration does not include the footprint library 'Symm60HE_Project'
    Local override; warning
    @(277.7210 mm, 40.7250 mm): Footprint CR18A
[lib_footprint_issues]: The current configuration does not include the footprint library 'Symm60HE_Project'
    Local override; warning
    @(224.1798 mm, 34.6525 mm): Footprint DR11
[lib_footprint_issues]: The current configuration does not include the footprint library 'Symm60HE_Project'
    Local override; warning
    @(211.9625 mm, 37.4885 mm): Footprint CR13B
[lib_footprint_issues]: The current configuration does not include the footprint library 'Symm60HE_Project'
    Local override; warning
    @(266.7580 mm, 14.3750 mm): Footprint CRGBR4
[lib_footprint_issues]: The current configuration does not include the footprint library 'Symm60HE_Project'
    Local override; warning
    @(246.7650 mm, 78.8250 mm): Footprint CR30A
[lib_footprint_issues]: The current configuration does not include the footprint library 'Symm60HE_Project'
    Local override; warning
    @(225.9439 mm, 55.0669 mm): Footprint CR19B
[lib_footprint_issues]: The current configuration does not include the footprint library 'Symm60HE_Project'
    Local override; warning
    @(178.7121 mm, 79.3951 mm): Footprint DR27
[lib_footprint_issues]: The current configuration does not include the footprint library 'Symm60HE_Project'
    Local override; warning
    @(241.4218 mm, 73.6951 mm): Footprint CR22B
[lib_footprint_issues]: The current configuration does not include the footprint library 'Symm60HE_Project'
    Local override; warning
    @(212.5878 mm, 16.7983 mm): Footprint DR1
[lib_footprint_issues]: The current configuration does not include the footprint library 'Symm60HE_Project'
    Local override; warning
    @(204.7434 mm, 5.3052 mm): Footprint CR6A
[lib_footprint_issues]: The current configuration does not include the footprint library 'Symm60HE_Project'
    Local override; warning
    @(285.5830 mm, 11.5250 mm): Footprint CR4B
[lib_footprint_issues]: The current configuration does not include the footprint library 'Symm60HE_Project'
    Local override; warning
    @(179.2753 mm, 82.9508 mm): Footprint CRGBR27
[lib_footprint_issues]: The current configuration does not include the footprint library 'Symm60HE_Project'
    Local override; warning
    @(182.1044 mm, 22.6838 mm): Footprint CR8B
[lib_footprint_issues]: The current configuration does not include the footprint library 'Symm60HE_Project'
    Local override; warning
    @(159.5517 mm, 31.4180 mm): Footprint CR15A
[lib_footprint_issues]: The current configuration does not include the footprint library 'Symm60HE_Project'
    Local override; warning
    @(281.3530 mm, 90.4250 mm): Footprint CRGBR31
[lib_footprint_issues]: The current configuration does not include the footprint library 'Symm60HE_Project'
    Local override; warning
    @(167.9867 mm, 42.4847 mm): Footprint DR14
[lib_footprint_issues]: The current configuration does not include the footprint library 'Symm60HE_Project'
    Local override; warning
    @(174.6148 mm, 85.6989 mm): Footprint CR36A
[lib_footprint_issues]: The current configuration does not include the footprint library 'Symm60HE_Project'
    Local override; warning
    @(205.2366 mm, 36.6369 mm): Footprint DR12
[lib_footprint_issues]: The current configuration does not include the footprint library 'Symm60HE_Project'
    Local override; warning
    @(264.7270 mm, 92.6250 mm): Footprint CR31B
[lib_footprint_issues]: The current configuration does not include the footprint library 'Symm60HE_Project'
    Local override; warning
    @(216.1551 mm, 77.4386 mm): Footprint CRGBR25
[lib_footprint_issues]: The current configuration does not include the footprint library 'Symm60HE_Project'
    Local override; warning
    @(230.9057 mm, 35.5040 mm): Footprint CR12B
[lib_footprint_issues]: The current configuration does not include the footprint library 'Symm60HE_Project'
    Local override; warning
    @(182.7489 mm, 62.9148 mm): Footprint CRGBR20
[lib_footprint_issues]: The current configuration does not include the footprint library 'Symm60HE_Project'
    Local override; warning
    @(234.0000 mm, 62.5000 mm): Footprint RBPR24
[lib_footprint_issues]: The current configuration does not include the footprint library 'Symm60HE_Project'
    Local override; warning
    @(185.7119 mm, 8.1271 mm): Footprint CR7A
[lib_footprint_issues]: The current configuration does not include the footprint library 'Symm60HE_Project'
    Local override; warning
    @(279.0830 mm, 14.8750 mm): Footprint DR33
[lib_footprint_issues]: The current configuration does not include the footprint library 'Symm60HE_Project'
    Local override; warning
    @(243.9080 mm, 2.6250 mm): Footprint CR2A
[lib_footprint_issues]: The current configuration does not include the footprint library 'Symm60HE_Project'
    Local override; warning
    @(234.9382 mm, 76.0877 mm): Footprint CRGBR24
[lib_footprint_issues]: The current configuration does not include the footprint library 'Symm60HE_Project'
    Local override; warning
    @(272.4150 mm, 91.0750 mm): Footprint DR36
[lib_footprint_issues]: The current configuration does not include the footprint library 'Symm60HE_Project'
    Local override; warning
    @(264.9580 mm, 6.9250 mm): Footprint CR3B
[lib_footprint_issues]: The current configuration does not include the footprint library 'Symm60HE_Project'
    Local override; warning
    @(279.0150 mm, 73.5750 mm): Footprint CR24B
[lib_footprint_issues]: The current configuration does not include the footprint library 'Symm60HE_Project'
    Local override; warning
    @(207.7501 mm, 56.8803 mm): Footprint CR20B
[lib_footprint_issues]: The current configuration does not include the footprint library 'Symm60HE_Project'
    Local override; warning
    @(175.3431 mm, 22.1853 mm): Footprint DR7
[lib_footprint_issues]: The current configuration does not include the footprint library 'Symm60HE_Project'
    Local override; warning
    @(186.7959 mm, 39.4969 mm): Footprint DR13
[lib_footprint_issues]: The current configuration does not include the footprint library 'Symm60HE_Project'
    Local override; warning
    @(233.8800 mm, 60.6720 mm): Footprint AMR3
[lib_footprint_issues]: The current configuration does not include the footprint library 'Symm60HE_Project'
    Local override; warning
    @(298.5460 mm, 71.0750 mm): Footprint CRGBR34
[lib_footprint_issues]: The current configuration does not include the footprint library 'Symm60HE_Project'
    Local override; warning
    @(192.5539 mm, 45.3152 mm): Footprint CR20A
[lib_footprint_issues]: The current configuration does not include the footprint library 'Symm60HE_Project'
    Local override; warning
    @(275.5000 mm, 5.5000 mm): Footprint RBPR5
[lib_footprint_issues]: The current configuration does not include the footprint library 'Symm60HE_Project'
    Local override; warning
    @(224.4721 mm, 3.2231 mm): Footprint CR1A
[lib_footprint_issues]: The current configuration does not include the footprint library 'Symm60HE_Project'
    Local override; warning
    @(242.8880 mm, 33.9250 mm): Footprint DR10
[lib_footprint_issues]: The current configuration does not include the footprint library 'Symm60HE_Project'
    Local override; warning
    @(286.7080 mm, 14.3750 mm): Footprint DR5
[lib_footprint_issues]: The current configuration does not include the footprint library 'Symm60HE_Project'
    Local override; warning
    @(224.4964 mm, 93.6549 mm): Footprint CR35B
[lib_footprint_issues]: The current configuration does not include the footprint library 'Symm60HE_Project'
    Local override; warning
    @(277.7210 mm, 59.7750 mm): Footprint CR25A
[lib_footprint_issues]: The current configuration does not include the footprint library 'Symm60HE_Project'
    Local override; warning
    @(258.0650 mm, 72.0250 mm): Footprint CRGBR23
[silk_overlap]: Silkscreen clearance
    Rule: board setup constraints silk; warning
    @(167.0000 mm, 49.0000 mm): Circle of MHR1 on F.Silkscreen
    @(166.3590 mm, 64.7000 mm): Segment of JR1 on F.Silkscreen
[silk_overlap]: Silkscreen clearance
    Rule: board setup constraints silk; warning
    @(197.9572 mm, 78.9785 mm): Reference field of DR26
    @(194.2388 mm, 78.8334 mm): Segment of DR26 on B.Silkscreen
[silk_overlap]: Silkscreen clearance
    Rule: board setup constraints silk; warning
    @(216.0506 mm, 76.4441 mm): Reference field of DR25
    @(212.3448 mm, 76.1046 mm): Segment of DR25 on B.Silkscreen
[silk_overlap]: Silkscreen clearance
    Rule: board setup constraints silk; warning
    @(214.3365 mm, 95.0496 mm): Segment of DR28 on B.Silkscreen
    @(218.0423 mm, 95.3891 mm): Reference field of DR28
[silk_overlap]: Silkscreen clearance
    Rule: board setup constraints silk; warning
    @(238.2785 mm, 55.7769 mm): Reference field of DR16
    @(234.5955 mm, 55.2440 mm): Segment of DR16 on B.Silkscreen
[silk_overlap]: Silkscreen clearance
    Rule: board setup constraints silk; warning
    @(215.7840 mm, 56.4616 mm): Segment of DR15 on B.Silkscreen
    @(219.4898 mm, 56.8011 mm): Reference field of DR15
[silk_overlap]: Silkscreen clearance
    Rule: board setup constraints silk; warning
    @(231.2029 mm, 74.5562 mm): Segment of DR24 on B.Silkscreen
    @(234.8859 mm, 75.0891 mm): Reference field of DR24
[silk_overlap]: Silkscreen clearance
    Rule: board setup constraints silk; warning
    @(178.3811 mm, 100.6321 mm): Segment of DR32 on B.Silkscreen
    @(182.0995 mm, 100.7772 mm): Reference field of DR32
[silk_overlap]: Silkscreen clearance
    Rule: board setup constraints silk; warning
    @(179.1188 mm, 81.9631 mm): Reference field of DR27
    @(175.4004 mm, 81.8180 mm): Segment of DR27 on B.Silkscreen
[silk_overlap]: Silkscreen clearance
    Rule: board setup constraints silk; warning
    @(178.8740 mm, 61.7820 mm): Segment of DR20 on B.Silkscreen
    @(182.5924 mm, 61.9271 mm): Reference field of DR20
[silk_overlap]: Silkscreen clearance
    Rule: board setup constraints silk; warning
    @(168.3934 mm, 45.0527 mm): Reference field of DR14
    @(164.6750 mm, 44.9076 mm): Segment of DR14 on B.Silkscreen
[silk_overlap]: Silkscreen clearance
    Rule: board setup constraints silk; warning
    @(201.8026 mm, 38.8832 mm): Segment of DR12 on B.Silkscreen
    @(205.5084 mm, 39.2227 mm): Reference field of DR12
[silk_overlap]: Silkscreen clearance
    Rule: board setup constraints silk; warning
    @(224.4516 mm, 37.2383 mm): Reference field of DR11
    @(220.7458 mm, 36.8988 mm): Segment of DR11 on B.Silkscreen
[silk_overlap]: Silkscreen clearance
    Rule: board setup constraints silk; warning
    @(209.1538 mm, 19.0446 mm): Segment of DR1 on B.Silkscreen
    @(212.8596 mm, 19.3841 mm): Reference field of DR1
[silk_overlap]: Silkscreen clearance
    Rule: board setup constraints silk; warning
    @(201.3956 mm, 58.9499 mm): Reference field of DR19
    @(197.6772 mm, 58.8048 mm): Segment of DR19 on B.Silkscreen
[silk_overlap]: Silkscreen clearance
    Rule: board setup constraints silk; warning
    @(190.8352 mm, 21.6166 mm): Segment of DR6 on B.Silkscreen
    @(194.5536 mm, 21.7617 mm): Reference field of DR6
[silk_overlap]: Silkscreen clearance
    Rule: board setup constraints silk; warning
    @(175.7498 mm, 24.7533 mm): Reference field of DR7
    @(172.0314 mm, 24.6082 mm): Segment of DR7 on B.Silkscreen
[silk_overlap]: Silkscreen clearance
    Rule: board setup constraints silk; warning
    @(183.4842 mm, 41.9198 mm): Segment of DR13 on B.Silkscreen
    @(187.2026 mm, 42.0649 mm): Reference field of DR13
[silk_overlap]: Silkscreen clearance
    Rule: board setup constraints silk; warning
    @(290.1960 mm, 72.9500 mm): Segment of DR34 on B.Silkscreen
    @(293.8460 mm, 73.6750 mm): Reference field of DR34
[silk_overlap]: Silkscreen clearance
    Rule: board setup constraints silk; warning
    @(228.1573 mm, 17.1744 mm): Segment of DR2 on B.Silkscreen
    @(231.8403 mm, 17.7073 mm): Reference field of DR2
[silk_overlap]: Silkscreen clearance
    Rule: board setup constraints silk; warning
    @(271.4580 mm, 16.9750 mm): Reference field of DR4
    @(267.8080 mm, 16.2500 mm): Segment of DR4 on B.Silkscreen
[silk_overlap]: Silkscreen clearance
    Rule: board setup constraints silk; warning
    @(275.4330 mm, 16.7500 mm): Segment of DR33 on B.Silkscreen
    @(279.0830 mm, 17.4750 mm): Reference field of DR33
[silk_over_copper]: Silkscreen clipped by solder mask
    Local override; warning
    @(238.2785 mm, 55.7769 mm): Reference field of DR16
    @(236.1190 mm, 56.1036 mm): Pad 9 [MUX_A2] of AMR3 on B.Cu
[silk_over_copper]: Silkscreen clipped by solder mask
    Local override; warning
    @(231.9500 mm, 80.4750 mm): Segment of AMR4 on B.Silkscreen
    @(231.4450 mm, 79.9500 mm): Pad 16 [+3V3A] of AMR4 on B.Cu
[silk_over_copper]: Silkscreen clipped by solder mask
    Local override; warning
    @(231.9500 mm, 80.4750 mm): Segment of AMR4 on B.Silkscreen
    @(222.5550 mm, 79.9500 mm): Pad 9 [MUX_A2] of AMR4 on B.Cu
[silk_over_copper]: Silkscreen clipped by solder mask
    Local override; warning
    @(231.9500 mm, 80.4750 mm): Segment of AMR4 on B.Silkscreen
    @(223.8250 mm, 79.9500 mm): Pad 10 [MUX_A1] of AMR4 on B.Cu
[silk_over_copper]: Silkscreen clipped by solder mask
    Local override; warning
    @(231.9500 mm, 80.4750 mm): Segment of AMR4 on B.Silkscreen
    @(225.0950 mm, 79.9500 mm): Pad 11 [MUX_A0] of AMR4 on B.Cu
[silk_over_copper]: Silkscreen clipped by solder mask
    Local override; warning
    @(231.9500 mm, 80.4750 mm): Segment of AMR4 on B.Silkscreen
    @(226.3650 mm, 79.9500 mm): Pad 12 [HE_R28] of AMR4 on B.Cu
[silk_over_copper]: Silkscreen clipped by solder mask
    Local override; warning
    @(231.9500 mm, 80.4750 mm): Segment of AMR4 on B.Silkscreen
    @(227.6350 mm, 79.9500 mm): Pad 13 [HE_R25] of AMR4 on B.Cu
[silk_over_copper]: Silkscreen clipped by solder mask
    Local override; warning
    @(231.9500 mm, 80.4750 mm): Segment of AMR4 on B.Silkscreen
    @(228.9050 mm, 79.9500 mm): Pad 14 [HE_R26] of AMR4 on B.Cu
[silk_over_copper]: Silkscreen clipped by solder mask
    Local override; warning
    @(231.9500 mm, 80.4750 mm): Segment of AMR4 on B.Silkscreen
    @(230.1750 mm, 79.9500 mm): Pad 15 [HE_R27] of AMR4 on B.Cu
[silk_over_copper]: Silkscreen clipped by solder mask
    Local override; warning
    @(231.9500 mm, 84.3750 mm): Segment of AMR4 on B.Silkscreen
    @(231.4450 mm, 84.9000 mm): Pad 1 [HE_R29] of AMR4 on B.Cu
[silk_over_copper]: Silkscreen clipped by solder mask
    Local override; warning
    @(231.9500 mm, 84.3750 mm): Segment of AMR4 on B.Silkscreen
    @(230.1750 mm, 84.9000 mm): Pad 2 [HE_R31] of AMR4 on B.Cu
[silk_over_copper]: Silkscreen clipped by solder mask
    Local override; warning
    @(231.9500 mm, 84.3750 mm): Segment of AMR4 on B.Silkscreen
    @(228.9050 mm, 84.9000 mm): Pad 3 [ADC_R4] of AMR4 on B.Cu
[silk_over_copper]: Silkscreen clipped by solder mask
    Local override; warning
    @(231.9500 mm, 84.3750 mm): Segment of AMR4 on B.Silkscreen
    @(227.6350 mm, 84.9000 mm): Pad 4 [HE_R32] of AMR4 on B.Cu
[silk_over_copper]: Silkscreen clipped by solder mask
    Local override; warning
    @(231.9500 mm, 84.3750 mm): Segment of AMR4 on B.Silkscreen
    @(226.3650 mm, 84.9000 mm): Pad 5 [HE_R30] of AMR4 on B.Cu
[silk_over_copper]: Silkscreen clipped by solder mask
    Local override; warning
    @(231.9500 mm, 84.3750 mm): Segment of AMR4 on B.Silkscreen
    @(225.0950 mm, 84.9000 mm): Pad 6 [GND] of AMR4 on B.Cu
[silk_over_copper]: Silkscreen clipped by solder mask
    Local override; warning
    @(231.9500 mm, 84.3750 mm): Segment of AMR4 on B.Silkscreen
    @(223.8250 mm, 84.9000 mm): Pad 7 [GND] of AMR4 on B.Cu
[silk_over_copper]: Silkscreen clipped by solder mask
    Local override; warning
    @(231.9500 mm, 84.3750 mm): Segment of AMR4 on B.Silkscreen
    @(222.5550 mm, 84.9000 mm): Pad 8 [GND] of AMR4 on B.Cu
[silk_over_copper]: Silkscreen clipped by solder mask
    Local override; warning
    @(231.4450 mm, 85.1000 mm): Circle of AMR4 on B.Silkscreen
    @(231.4450 mm, 84.9000 mm): Pad 1 [HE_R29] of AMR4 on B.Cu
[silk_over_copper]: Silkscreen clipped by solder mask
    Local override; warning
    @(264.5500 mm, 41.9500 mm): Segment of AMR2 on B.Silkscreen
    @(273.9450 mm, 42.4750 mm): Pad 9 [MUX_A2] of AMR2 on B.Cu
[silk_over_copper]: Silkscreen clipped by solder mask
    Local override; warning
    @(264.5500 mm, 41.9500 mm): Segment of AMR2 on B.Silkscreen
    @(272.6750 mm, 42.4750 mm): Pad 10 [MUX_A1] of AMR2 on B.Cu
[silk_over_copper]: Silkscreen clipped by solder mask
    Local override; warning
    @(264.5500 mm, 41.9500 mm): Segment of AMR2 on B.Silkscreen
    @(271.4050 mm, 42.4750 mm): Pad 11 [MUX_A0] of AMR2 on B.Cu
[silk_over_copper]: Silkscreen clipped by solder mask
    Local override; warning
    @(264.5500 mm, 41.9500 mm): Segment of AMR2 on B.Silkscreen
    @(270.1350 mm, 42.4750 mm): Pad 12 [HE_R12] of AMR2 on B.Cu
[silk_over_copper]: Silkscreen clipped by solder mask
    Local override; warning
    @(264.5500 mm, 41.9500 mm): Segment of AMR2 on B.Silkscreen
    @(268.8650 mm, 42.4750 mm): Pad 13 [HE_R09] of AMR2 on B.Cu
[silk_over_copper]: Silkscreen clipped by solder mask
    Local override; warning
    @(264.5500 mm, 41.9500 mm): Segment of AMR2 on B.Silkscreen
    @(267.5950 mm, 42.4750 mm): Pad 14 [HE_R10] of AMR2 on B.Cu
[silk_over_copper]: Silkscreen clipped by solder mask
    Local override; warning
    @(264.5500 mm, 41.9500 mm): Segment of AMR2 on B.Silkscreen
    @(266.3250 mm, 42.4750 mm): Pad 15 [HE_R11] of AMR2 on B.Cu
[silk_over_copper]: Silkscreen clipped by solder mask
    Local override; warning
    @(264.5500 mm, 41.9500 mm): Segment of AMR2 on B.Silkscreen
    @(265.0550 mm, 42.4750 mm): Pad 16 [+3V3A] of AMR2 on B.Cu
[silk_over_copper]: Silkscreen clipped by solder mask
    Local override; warning
    @(265.0500 mm, 46.0500 mm): Segment of AMR1 on B.Silkscreen
    @(265.5550 mm, 45.5250 mm): Pad 1 [HE_R05] of AMR1 on B.Cu
[silk_over_copper]: Silkscreen clipped by solder mask
    Local override; warning
    @(265.0500 mm, 46.0500 mm): Segment of AMR1 on B.Silkscreen
    @(266.8250 mm, 45.5250 mm): Pad 2 [HE_R07] of AMR1 on B.Cu
[silk_over_copper]: Silkscreen clipped by solder mask
    Local override; warning
    @(265.0500 mm, 46.0500 mm): Segment of AMR1 on B.Silkscreen
    @(271.9050 mm, 45.5250 mm): Pad 6 [GND] of AMR1 on B.Cu
[silk_over_copper]: Silkscreen clipped by solder mask
    Local override; warning
    @(265.0500 mm, 46.0500 mm): Segment of AMR1 on B.Silkscreen
    @(273.1750 mm, 45.5250 mm): Pad 7 [GND] of AMR1 on B.Cu
[silk_over_copper]: Silkscreen clipped by solder mask
    Local override; warning
    @(265.0500 mm, 46.0500 mm): Segment of AMR1 on B.Silkscreen
    @(274.4450 mm, 45.5250 mm): Pad 8 [GND] of AMR1 on B.Cu
[silk_over_copper]: Silkscreen clipped by solder mask
    Local override; warning
    @(265.0500 mm, 46.0500 mm): Segment of AMR1 on B.Silkscreen
    @(268.0950 mm, 45.5250 mm): Pad 3 [ADC_R1] of AMR1 on B.Cu
[silk_over_copper]: Silkscreen clipped by solder mask
    Local override; warning
    @(265.0500 mm, 46.0500 mm): Segment of AMR1 on B.Silkscreen
    @(269.3650 mm, 45.5250 mm): Pad 4 [HE_R08] of AMR1 on B.Cu
[silk_over_copper]: Silkscreen clipped by solder mask
    Local override; warning
    @(265.0500 mm, 46.0500 mm): Segment of AMR1 on B.Silkscreen
    @(270.6350 mm, 45.5250 mm): Pad 5 [HE_R06] of AMR1 on B.Cu
[silk_over_copper]: Silkscreen clipped by solder mask
    Local override; warning
    @(265.0500 mm, 49.9500 mm): Segment of AMR1 on B.Silkscreen
    @(269.3650 mm, 50.4750 mm): Pad 13 [HE_R01] of AMR1 on B.Cu
[silk_over_copper]: Silkscreen clipped by solder mask
    Local override; warning
    @(265.0500 mm, 49.9500 mm): Segment of AMR1 on B.Silkscreen
    @(268.0950 mm, 50.4750 mm): Pad 14 [HE_R02] of AMR1 on B.Cu
[silk_over_copper]: Silkscreen clipped by solder mask
    Local override; warning
    @(265.0500 mm, 49.9500 mm): Segment of AMR1 on B.Silkscreen
    @(265.5550 mm, 50.4750 mm): Pad 16 [+3V3A] of AMR1 on B.Cu
[silk_over_copper]: Silkscreen clipped by solder mask
    Local override; warning
    @(265.0500 mm, 49.9500 mm): Segment of AMR1 on B.Silkscreen
    @(273.1750 mm, 50.4750 mm): Pad 10 [MUX_A1] of AMR1 on B.Cu
[silk_over_copper]: Silkscreen clipped by solder mask
    Local override; warning
    @(265.0500 mm, 49.9500 mm): Segment of AMR1 on B.Silkscreen
    @(274.4450 mm, 50.4750 mm): Pad 9 [MUX_A2] of AMR1 on B.Cu
[silk_over_copper]: Silkscreen clipped by solder mask
    Local override; warning
    @(265.0500 mm, 49.9500 mm): Segment of AMR1 on B.Silkscreen
    @(271.9050 mm, 50.4750 mm): Pad 11 [MUX_A0] of AMR1 on B.Cu
[silk_over_copper]: Silkscreen clipped by solder mask
    Local override; warning
    @(265.0500 mm, 49.9500 mm): Segment of AMR1 on B.Silkscreen
    @(270.6350 mm, 50.4750 mm): Pad 12 [HE_R04] of AMR1 on B.Cu
[silk_over_copper]: Silkscreen clipped by solder mask
    Local override; warning
    @(265.0500 mm, 49.9500 mm): Segment of AMR1 on B.Silkscreen
    @(266.8250 mm, 50.4750 mm): Pad 15 [HE_R03] of AMR1 on B.Cu
[silk_over_copper]: Silkscreen clipped by solder mask
    Local override; warning
    @(265.5550 mm, 45.3250 mm): Circle of AMR1 on B.Silkscreen
    @(265.5550 mm, 45.5250 mm): Pad 1 [HE_R05] of AMR1 on B.Cu
[silk_over_copper]: Silkscreen clipped by solder mask
    Local override; warning
    @(272.4150 mm, 73.6750 mm): Reference field of DR22
    @(272.4148 mm, 74.9300 mm): NPTH pad of SR2
[silk_over_copper]: Silkscreen clipped by solder mask
    Local override; warning
    @(268.7650 mm, 72.9500 mm): Segment of DR22 on B.Silkscreen
    @(272.4148 mm, 74.9300 mm): NPTH pad of SR2
[silk_over_copper]: Silkscreen clipped by solder mask
    Local override; warning
    @(293.8460 mm, 73.6750 mm): Reference field of DR34
    @(296.2273 mm, 74.9300 mm): NPTH pad of SR2
[silk_over_copper]: Silkscreen clipped by solder mask
    Local override; warning
    @(290.1960 mm, 72.9500 mm): Segment of DR34 on B.Silkscreen
    @(296.2273 mm, 74.9300 mm): NPTH pad of SR2
[silk_over_copper]: Silkscreen clipped by solder mask
    Local override; warning
    @(264.5500 mm, 38.0500 mm): Segment of AMR2 on B.Silkscreen
    @(270.1350 mm, 37.5250 mm): Pad 5 [HE_R14] of AMR2 on B.Cu
[silk_over_copper]: Silkscreen clipped by solder mask
    Local override; warning
    @(264.5500 mm, 38.0500 mm): Segment of AMR2 on B.Silkscreen
    @(271.4050 mm, 37.5250 mm): Pad 6 [GND] of AMR2 on B.Cu
[silk_over_copper]: Silkscreen clipped by solder mask
    Local override; warning
    @(264.5500 mm, 38.0500 mm): Segment of AMR2 on B.Silkscreen
    @(272.6750 mm, 37.5250 mm): Pad 7 [GND] of AMR2 on B.Cu
[silk_over_copper]: Silkscreen clipped by solder mask
    Local override; warning
    @(264.5500 mm, 38.0500 mm): Segment of AMR2 on B.Silkscreen
    @(273.9450 mm, 37.5250 mm): Pad 8 [GND] of AMR2 on B.Cu
[silk_over_copper]: Silkscreen clipped by solder mask
    Local override; warning
    @(264.5500 mm, 38.0500 mm): Segment of AMR2 on B.Silkscreen
    @(265.0550 mm, 37.5250 mm): Pad 1 [HE_R13] of AMR2 on B.Cu
[silk_over_copper]: Silkscreen clipped by solder mask
    Local override; warning
    @(264.5500 mm, 38.0500 mm): Segment of AMR2 on B.Silkscreen
    @(266.3250 mm, 37.5250 mm): Pad 2 [HE_R15] of AMR2 on B.Cu
[silk_over_copper]: Silkscreen clipped by solder mask
    Local override; warning
    @(264.5500 mm, 38.0500 mm): Segment of AMR2 on B.Silkscreen
    @(267.5950 mm, 37.5250 mm): Pad 3 [ADC_R2] of AMR2 on B.Cu
[silk_over_copper]: Silkscreen clipped by solder mask
    Local override; warning
    @(264.5500 mm, 38.0500 mm): Segment of AMR2 on B.Silkscreen
    @(268.8650 mm, 37.5250 mm): Pad 4 [HE_R16] of AMR2 on B.Cu
[silk_over_copper]: Silkscreen clipped by solder mask
    Local override; warning
    @(265.0550 mm, 37.3250 mm): Circle of AMR2 on B.Silkscreen
    @(265.0550 mm, 37.5250 mm): Pad 1 [HE_R13] of AMR2 on B.Cu
[silk_over_copper]: Silkscreen clipped by solder mask
    Local override; warning
    @(291.5500 mm, 47.5500 mm): Segment of AMR5 on B.Silkscreen
    @(292.0550 mm, 47.0250 mm): Pad 1 [GND] of AMR5 on B.Cu
[silk_over_copper]: Silkscreen clipped by solder mask
    Local override; warning
    @(291.5500 mm, 47.5500 mm): Segment of AMR5 on B.Silkscreen
    @(293.3250 mm, 47.0250 mm): Pad 2 [GND] of AMR5 on B.Cu
[silk_over_copper]: Silkscreen clipped by solder mask
    Local override; warning
    @(291.5500 mm, 47.5500 mm): Segment of AMR5 on B.Silkscreen
    @(294.5950 mm, 47.0250 mm): Pad 3 [ADC_R5] of AMR5 on B.Cu
[silk_over_copper]: Silkscreen clipped by solder mask
    Local override; warning
    @(291.5500 mm, 47.5500 mm): Segment of AMR5 on B.Silkscreen
    @(295.8650 mm, 47.0250 mm): Pad 4 [GND] of AMR5 on B.Cu
[silk_over_copper]: Silkscreen clipped by solder mask
    Local override; warning
    @(291.5500 mm, 47.5500 mm): Segment of AMR5 on B.Silkscreen
    @(297.1350 mm, 47.0250 mm): Pad 5 [GND] of AMR5 on B.Cu
[silk_over_copper]: Silkscreen clipped by solder mask
    Local override; warning
    @(291.5500 mm, 47.5500 mm): Segment of AMR5 on B.Silkscreen
    @(298.4050 mm, 47.0250 mm): Pad 6 [GND] of AMR5 on B.Cu
[silk_over_copper]: Silkscreen clipped by solder mask
    Local override; warning
    @(291.5500 mm, 47.5500 mm): Segment of AMR5 on B.Silkscreen
    @(299.6750 mm, 47.0250 mm): Pad 7 [GND] of AMR5 on B.Cu
[silk_over_copper]: Silkscreen clipped by solder mask
    Local override; warning
    @(291.5500 mm, 47.5500 mm): Segment of AMR5 on B.Silkscreen
    @(300.9450 mm, 47.0250 mm): Pad 8 [GND] of AMR5 on B.Cu
[silk_over_copper]: Silkscreen clipped by solder mask
    Local override; warning
    @(291.5500 mm, 51.4500 mm): Segment of AMR5 on B.Silkscreen
    @(300.9450 mm, 51.9750 mm): Pad 9 [MUX_A2] of AMR5 on B.Cu
[silk_over_copper]: Silkscreen clipped by solder mask
    Local override; warning
    @(291.5500 mm, 51.4500 mm): Segment of AMR5 on B.Silkscreen
    @(299.6750 mm, 51.9750 mm): Pad 10 [MUX_A1] of AMR5 on B.Cu
[silk_over_copper]: Silkscreen clipped by solder mask
    Local override; warning
    @(291.5500 mm, 51.4500 mm): Segment of AMR5 on B.Silkscreen
    @(298.4050 mm, 51.9750 mm): Pad 11 [MUX_A0] of AMR5 on B.Cu
[silk_over_copper]: Silkscreen clipped by solder mask
    Local override; warning
    @(291.5500 mm, 51.4500 mm): Segment of AMR5 on B.Silkscreen
    @(297.1350 mm, 51.9750 mm): Pad 12 [HE_R36] of AMR5 on B.Cu
[silk_over_copper]: Silkscreen clipped by solder mask
    Local override; warning
    @(291.5500 mm, 51.4500 mm): Segment of AMR5 on B.Silkscreen
    @(295.8650 mm, 51.9750 mm): Pad 13 [HE_R33] of AMR5 on B.Cu
[silk_over_copper]: Silkscreen clipped by solder mask
    Local override; warning
    @(291.5500 mm, 51.4500 mm): Segment of AMR5 on B.Silkscreen
    @(294.5950 mm, 51.9750 mm): Pad 14 [HE_R34] of AMR5 on B.Cu
[silk_over_copper]: Silkscreen clipped by solder mask
    Local override; warning
    @(291.5500 mm, 51.4500 mm): Segment of AMR5 on B.Silkscreen
    @(293.3250 mm, 51.9750 mm): Pad 15 [HE_R35] of AMR5 on B.Cu
[silk_over_copper]: Silkscreen clipped by solder mask
    Local override; warning
    @(291.5500 mm, 51.4500 mm): Segment of AMR5 on B.Silkscreen
    @(292.0550 mm, 51.9750 mm): Pad 16 [+3V3A] of AMR5 on B.Cu
[silk_over_copper]: Silkscreen clipped by solder mask
    Local override; warning
    @(292.0550 mm, 46.8250 mm): Circle of AMR5 on B.Silkscreen
    @(292.0550 mm, 47.0250 mm): Pad 1 [GND] of AMR5 on B.Cu
[silk_over_copper]: Silkscreen clipped by solder mask
    Local override; warning
    @(232.1917 mm, 65.7173 mm): Segment of AMR3 on B.Silkscreen
    @(231.6410 mm, 65.2404 mm): Pad 1 [HE_R21] of AMR3 on B.Cu
[silk_over_copper]: Silkscreen clipped by solder mask
    Local override; warning
    @(232.1917 mm, 65.7173 mm): Segment of AMR3 on B.Silkscreen
    @(231.5746 mm, 63.9722 mm): Pad 2 [HE_R23] of AMR3 on B.Cu
[silk_over_copper]: Silkscreen clipped by solder mask
    Local override; warning
    @(232.1917 mm, 65.7173 mm): Segment of AMR3 on B.Silkscreen
    @(231.5081 mm, 62.7039 mm): Pad 3 [ADC_R3] of AMR3 on B.Cu
[silk_over_copper]: Silkscreen clipped by solder mask
    Local override; warning
    @(232.1917 mm, 65.7173 mm): Segment of AMR3 on B.Silkscreen
    @(231.4416 mm, 61.4357 mm): Pad 4 [HE_R24] of AMR3 on B.Cu
[silk_over_copper]: Silkscreen clipped by solder mask
    Local override; warning
    @(232.1917 mm, 65.7173 mm): Segment of AMR3 on B.Silkscreen
    @(231.3752 mm, 60.1674 mm): Pad 5 [HE_R22] of AMR3 on B.Cu
[silk_over_copper]: Silkscreen clipped by solder mask
    Local override; warning
    @(232.1917 mm, 65.7173 mm): Segment of AMR3 on B.Silkscreen
    @(231.3087 mm, 58.8991 mm): Pad 6 [GND] of AMR3 on B.Cu
[silk_over_copper]: Silkscreen clipped by solder mask
    Local override; warning
    @(232.1917 mm, 65.7173 mm): Segment of AMR3 on B.Silkscreen
    @(231.2422 mm, 57.6309 mm): Pad 7 [GND] of AMR3 on B.Cu
[silk_over_copper]: Silkscreen clipped by solder mask
    Local override; warning
    @(232.1917 mm, 65.7173 mm): Segment of AMR3 on B.Silkscreen
    @(231.1758 mm, 56.3626 mm): Pad 8 [GND] of AMR3 on B.Cu
[silk_over_copper]: Silkscreen clipped by solder mask
    Local override; warning
    @(236.0864 mm, 65.5132 mm): Segment of AMR3 on B.Silkscreen
    @(236.1190 mm, 56.1036 mm): Pad 9 [MUX_A2] of AMR3 on B.Cu
[silk_over_copper]: Silkscreen clipped by solder mask
    Local override; warning
    @(236.0864 mm, 65.5132 mm): Segment of AMR3 on B.Silkscreen
    @(236.1854 mm, 57.3718 mm): Pad 10 [MUX_A1] of AMR3 on B.Cu
[silk_over_copper]: Silkscreen clipped by solder mask
    Local override; warning
    @(236.0864 mm, 65.5132 mm): Segment of AMR3 on B.Silkscreen
    @(236.2519 mm, 58.6401 mm): Pad 11 [MUX_A0] of AMR3 on B.Cu
[silk_over_copper]: Silkscreen clipped by solder mask
    Local override; warning
    @(236.0864 mm, 65.5132 mm): Segment of AMR3 on B.Silkscreen
    @(236.3184 mm, 59.9083 mm): Pad 12 [HE_R20] of AMR3 on B.Cu
[silk_over_copper]: Silkscreen clipped by solder mask
    Local override; warning
    @(236.0864 mm, 65.5132 mm): Segment of AMR3 on B.Silkscreen
    @(236.3848 mm, 61.1766 mm): Pad 13 [HE_R17] of AMR3 on B.Cu
[silk_over_copper]: Silkscreen clipped by solder mask
    Local override; warning
    @(236.0864 mm, 65.5132 mm): Segment of AMR3 on B.Silkscreen
    @(236.4513 mm, 62.4449 mm): Pad 14 [HE_R18] of AMR3 on B.Cu
[silk_over_copper]: Silkscreen clipped by solder mask
    Local override; warning
    @(236.0864 mm, 65.5132 mm): Segment of AMR3 on B.Silkscreen
    @(236.5178 mm, 63.7131 mm): Pad 15 [HE_R19] of AMR3 on B.Cu
[silk_over_copper]: Silkscreen clipped by solder mask
    Local override; warning
    @(236.0864 mm, 65.5132 mm): Segment of AMR3 on B.Silkscreen
    @(236.5842 mm, 64.9814 mm): Pad 16 [+3V3A] of AMR3 on B.Cu
[silk_over_copper]: Silkscreen clipped by solder mask
    Local override; warning
    @(231.4413 mm, 65.2509 mm): Circle of AMR3 on B.Silkscreen
    @(231.6410 mm, 65.2404 mm): Pad 1 [HE_R21] of AMR3 on B.Cu
[silk_over_copper]: Silkscreen clipped by solder mask
    Local override; warning
    @(267.8080 mm, 13.2250 mm): Segment of DR4 on B.Silkscreen
    @(267.1768 mm, 17.7800 mm): NPTH pad of SR1
[silk_over_copper]: Silkscreen clipped by solder mask
    Local override; warning
    @(267.8080 mm, 16.2500 mm): Segment of DR4 on B.Silkscreen
    @(267.1768 mm, 17.7800 mm): NPTH pad of SR1
[silk_over_copper]: Silkscreen clipped by solder mask
    Local override; warning
    @(279.0830 mm, 17.4750 mm): Reference field of DR33
    @(279.5630 mm, 18.4750 mm): Pad 2 [GND] of CRGBR33 on B.Cu
[silk_over_copper]: Silkscreen clipped by solder mask
    Local override; warning
    @(279.0830 mm, 17.4750 mm): Reference field of DR33
    @(278.6030 mm, 18.4750 mm): Pad 1 [VBUS] of CRGBR33 on B.Cu
[silk_over_copper]: Silkscreen clipped by solder mask
    Local override; warning
    @(283.0580 mm, 16.2500 mm): Segment of DR5 on B.Silkscreen
    @(290.9893 mm, 17.7800 mm): NPTH pad of SR1
[silk_over_copper]: Silkscreen clipped by solder mask
    Local override; warning
    @(290.3580 mm, 16.2500 mm): Segment of DR5 on B.Silkscreen
    @(290.9893 mm, 17.7800 mm): NPTH pad of SR1

** Found 0 unconnected pads **

** Found 0 Footprint errors **

** Ignored checks **
    - None

** End of Report **
