** Drc report for Symm60HE-Daughterboard.kicad_pcb **
** Created on 2026-09-22T22:05:07 **
** Report includes: Errors, Warnings, Exclusions **

** Found 74 DRC violations **
[courtyards_overlap]: Courtyards overlap
    Rule: board setup constraints courtyard; warning
    @(190.7090 mm, 8.7367 mm): Footprint U1
    @(187.2090 mm, -3.1133 mm): Footprint J1
[courtyards_overlap]: Courtyards overlap
    Rule: board setup constraints courtyard; warning
    @(190.7090 mm, 8.7367 mm): Footprint U1
    @(181.5000 mm, 16.2000 mm): Footprint SW2
[courtyards_overlap]: Courtyards overlap
    Rule: board setup constraints courtyard; warning
    @(205.5000 mm, 13.5000 mm): Footprint C2
    @(209.5090 mm, 8.7367 mm): Footprint J3
[courtyards_overlap]: Courtyards overlap
    Rule: board setup constraints courtyard; warning
    @(200.0000 mm, 0.0000 mm): Footprint U6
    @(203.0000 mm, 0.0000 mm): Footprint C12
[courtyards_overlap]: Courtyards overlap
    Rule: board setup constraints courtyard; warning
    @(196.0000 mm, 18.5367 mm): Footprint C10
    @(193.7000 mm, 18.5367 mm): Footprint C9
[courtyards_overlap]: Courtyards overlap
    Rule: board setup constraints courtyard; warning
    @(204.0000 mm, -1.0000 mm): Footprint R6
    @(203.0000 mm, 0.0000 mm): Footprint C12
[courtyards_overlap]: Courtyards overlap
    Rule: board setup constraints courtyard; warning
    @(181.5000 mm, 16.2000 mm): Footprint SW2
    @(180.0000 mm, 11.0000 mm): Footprint U4
[courtyards_overlap]: Courtyards overlap
    Rule: board setup constraints courtyard; warning
    @(180.0000 mm, 11.0000 mm): Footprint U4
    @(179.7090 mm, 7.7367 mm): Footprint Y1
[courtyards_overlap]: Courtyards overlap
    Rule: board setup constraints courtyard; warning
    @(179.7090 mm, 7.7367 mm): Footprint Y1
    @(175.0000 mm, 3.5000 mm): Footprint SW1
[silk_edge_clearance]: Silkscreen clipped by board edge
    Rule: board setup constraints silk; warning
    @(163.2090 mm, -6.7633 mm): Segment on Edge.Cuts
    @(191.9090 mm, 0.7867 mm): Rectangle of J1 on F.Silkscreen
[footprint_type_mismatch]: Footprint component type doesn't match footprint pads (expected 'Through hole'; actual 'SMD')
    Local override; warning
    @(187.2090 mm, -3.1133 mm): Footprint J1
[lib_footprint_issues]: The current configuration does not include the footprint library 'Symm60HE_Project'
    Local override; warning
    @(164.9090 mm, 8.7367 mm): Footprint J2
[lib_footprint_issues]: The current configuration does not include the footprint library 'Symm60HE_Project'
    Local override; warning
    @(190.7090 mm, 8.7367 mm): Footprint U1
[lib_footprint_issues]: The current configuration does not include the footprint library 'Symm60HE_Project'
    Local override; warning
    @(205.5000 mm, 13.5000 mm): Footprint C2
[lib_footprint_issues]: The current configuration does not include the footprint library 'Symm60HE_Project'
    Local override; warning
    @(187.2090 mm, -3.1133 mm): Footprint J1
[lib_footprint_issues]: The current configuration does not include the footprint library 'Symm60HE_Project'
    Local override; warning
    @(165.2090 mm, 20.9734 mm): Footprint MHD4
[lib_footprint_issues]: The current configuration does not include the footprint library 'Symm60HE_Project'
    Local override; warning
    @(204.8000 mm, -1.6000 mm): Footprint F1
[lib_footprint_issues]: The current configuration does not include the footprint library 'Symm60HE_Project'
    Local override; warning
    @(204.5000 mm, 1.0000 mm): Footprint C1
[lib_footprint_issues]: The current configuration does not include the footprint library 'Symm60HE_Project'
    Local override; warning
    @(165.2090 mm, -3.5000 mm): Footprint MHD1
[lib_footprint_issues]: The current configuration does not include the footprint library 'Symm60HE_Project'
    Local override; warning
    @(201.7090 mm, 3.2367 mm): Footprint U2
[lib_footprint_issues]: The current configuration does not include the footprint library 'Symm60HE_Project'
    Local override; warning
    @(196.2090 mm, 2.7367 mm): Footprint R2
[lib_footprint_issues]: The current configuration does not include the footprint library 'Symm60HE_Project'
    Local override; warning
    @(203.2090 mm, 14.7367 mm): Footprint R3
[lib_footprint_issues]: The current configuration does not include the footprint library 'Symm60HE_Project'
    Local override; warning
    @(181.5000 mm, 16.2000 mm): Footprint SW2
[lib_footprint_issues]: The current configuration does not include the footprint library 'Symm60HE_Project'
    Local override; warning
    @(200.2090 mm, 6.7367 mm): Footprint R1
[lib_footprint_issues]: The current configuration does not include the footprint library 'Symm60HE_Project'
    Local override; warning
    @(209.2090 mm, -3.5000 mm): Footprint MHD3
[lib_footprint_issues]: The current configuration does not include the footprint library 'Symm60HE_Project'
    Local override; warning
    @(180.0000 mm, 11.0000 mm): Footprint U4
[lib_footprint_issues]: The current configuration does not include the footprint library 'Symm60HE_Project'
    Local override; warning
    @(179.7090 mm, 7.7367 mm): Footprint Y1
[lib_footprint_issues]: The current configuration does not include the footprint library 'Symm60HE_Project'
    Local override; warning
    @(209.2090 mm, 20.9734 mm): Footprint MHD2
[lib_footprint_issues]: The current configuration does not include the footprint library 'Symm60HE_Project'
    Local override; warning
    @(209.5090 mm, 8.7367 mm): Footprint J3
[lib_footprint_issues]: The current configuration does not include the footprint library 'Symm60HE_Project'
    Local override; warning
    @(204.3000 mm, 8.0000 mm): Footprint U3
[lib_footprint_issues]: The current configuration does not include the footprint library 'Symm60HE_Project'
    Local override; warning
    @(175.0000 mm, 3.5000 mm): Footprint SW1
[lib_footprint_issues]: The current configuration does not include the footprint library 'Symm60HE_Project'
    Local override; warning
    @(185.8090 mm, 2.1367 mm): Footprint C7
[lib_footprint_issues]: The current configuration does not include the footprint library 'Symm60HE_Project'
    Local override; warning
    @(176.0000 mm, 0.0000 mm): Footprint R5
[lib_footprint_issues]: The current configuration does not include the footprint library 'Symm60HE_Project'
    Local override; warning
    @(191.4000 mm, 18.5367 mm): Footprint C11
[lib_footprint_issues]: The current configuration does not include the footprint library 'Symm60HE_Project'
    Local override; warning
    @(200.0000 mm, 0.0000 mm): Footprint U6
[lib_footprint_issues]: The current configuration does not include the footprint library 'Symm60HE_Project'
    Local override; warning
    @(183.0090 mm, 17.5367 mm): Footprint C14
[lib_footprint_issues]: The current configuration does not include the footprint library 'Symm60HE_Project'
    Local override; warning
    @(198.5090 mm, 8.5367 mm): Footprint C8
[lib_footprint_issues]: The current configuration does not include the footprint library 'Symm60HE_Project'
    Local override; warning
    @(205.5000 mm, -4.5000 mm): Footprint C17
[lib_footprint_issues]: The current configuration does not include the footprint library 'Symm60HE_Project'
    Local override; warning
    @(186.8000 mm, 18.5367 mm): Footprint C3
[lib_footprint_issues]: The current configuration does not include the footprint library 'Symm60HE_Project'
    Local override; warning
    @(186.0090 mm, 4.1367 mm): Footprint C5
[lib_footprint_issues]: The current configuration does not include the footprint library 'Symm60HE_Project'
    Local override; warning
    @(196.0000 mm, 18.5367 mm): Footprint C10
[lib_footprint_issues]: The current configuration does not include the footprint library 'Symm60HE_Project'
    Local override; warning
    @(170.4990 mm, -0.3033 mm): Footprint C16
[lib_footprint_issues]: The current configuration does not include the footprint library 'Symm60HE_Project'
    Local override; warning
    @(189.1000 mm, 18.5367 mm): Footprint C4
[lib_footprint_issues]: The current configuration does not include the footprint library 'Symm60HE_Project'
    Local override; warning
    @(197.8090 mm, 11.0367 mm): Footprint C6
[lib_footprint_issues]: The current configuration does not include the footprint library 'Symm60HE_Project'
    Local override; warning
    @(204.0000 mm, -1.0000 mm): Footprint R6
[lib_footprint_issues]: The current configuration does not include the footprint library 'Symm60HE_Project'
    Local override; warning
    @(195.0000 mm, -0.5000 mm): Footprint R4
[lib_footprint_issues]: The current configuration does not include the footprint library 'Symm60HE_Project'
    Local override; warning
    @(203.0000 mm, 0.0000 mm): Footprint C12
[lib_footprint_issues]: The current configuration does not include the footprint library 'Symm60HE_Project'
    Local override; warning
    @(209.9090 mm, 0.2367 mm): Footprint C13
[lib_footprint_issues]: The current configuration does not include the footprint library 'Symm60HE_Project'
    Local override; warning
    @(203.0090 mm, 18.5367 mm): Footprint C15
[lib_footprint_issues]: The current configuration does not include the footprint library 'Symm60HE_Project'
    Local override; warning
    @(193.7000 mm, 18.5367 mm): Footprint C9
[lib_footprint_issues]: The current configuration does not include the footprint library 'Symm60HE_Project'
    Local override; warning
    @(170.4990 mm, -2.5033 mm): Footprint U5
[silk_over_copper]: Silkscreen clipped by solder mask
    Local override; warning
    @(187.2090 mm, 2.5317 mm): Reference field of J1
    @(186.9590 mm, 3.0617 mm): Pad 64 [+3V3D] of U1 on F.Cu
[silk_over_copper]: Silkscreen clipped by solder mask
    Local override; warning
    @(187.2090 mm, 2.5317 mm): Reference field of J1
    @(187.9590 mm, 3.0617 mm): Pad 62 [<no net>] of U1 on F.Cu
[silk_over_copper]: Silkscreen clipped by solder mask
    Local override; warning
    @(187.2090 mm, 2.5317 mm): Reference field of J1
    @(187.4590 mm, 3.0617 mm): Pad 63 [GND] of U1 on F.Cu
[silk_over_copper]: Silkscreen clipped by solder mask
    Local override; warning
    @(191.9090 mm, 0.7867 mm): Rectangle of J1 on F.Silkscreen
    @(182.8890 mm, 0.0167 mm): PTH pad SH [GND] of J1
[silk_over_copper]: Silkscreen clipped by solder mask
    Local override; warning
    @(191.9090 mm, 0.7867 mm): Rectangle of J1 on F.Silkscreen
    @(185.9590 mm, 0.9317 mm): Pad A8 [<no net>] of J1 on F.Cu
[silk_over_copper]: Silkscreen clipped by solder mask
    Local override; warning
    @(191.9090 mm, 0.7867 mm): Rectangle of J1 on F.Silkscreen
    @(185.4590 mm, 0.9317 mm): Pad B5 [CC2] of J1 on F.Cu
[silk_over_copper]: Silkscreen clipped by solder mask
    Local override; warning
    @(191.9090 mm, 0.7867 mm): Rectangle of J1 on F.Silkscreen
    @(184.7590 mm, 0.9317 mm): Pad A9 [VBUS_IN] of J1 on F.Cu
[silk_over_copper]: Silkscreen clipped by solder mask
    Local override; warning
    @(191.9090 mm, 0.7867 mm): Rectangle of J1 on F.Silkscreen
    @(184.7590 mm, 0.9317 mm): Pad B4 [VBUS_IN] of J1 on F.Cu
[silk_over_copper]: Silkscreen clipped by solder mask
    Local override; warning
    @(191.9090 mm, 0.7867 mm): Rectangle of J1 on F.Silkscreen
    @(183.9590 mm, 0.9317 mm): Pad A12 [GND] of J1 on F.Cu
[silk_over_copper]: Silkscreen clipped by solder mask
    Local override; warning
    @(191.9090 mm, 0.7867 mm): Rectangle of J1 on F.Silkscreen
    @(183.9590 mm, 0.9317 mm): Pad B1 [GND] of J1 on F.Cu
[silk_over_copper]: Silkscreen clipped by solder mask
    Local override; warning
    @(191.9090 mm, 0.7867 mm): Rectangle of J1 on F.Silkscreen
    @(191.5290 mm, 0.0167 mm): PTH pad SH [GND] of J1
[silk_over_copper]: Silkscreen clipped by solder mask
    Local override; warning
    @(191.9090 mm, 0.7867 mm): Rectangle of J1 on F.Silkscreen
    @(190.4590 mm, 0.9317 mm): Pad A1 [GND] of J1 on F.Cu
[silk_over_copper]: Silkscreen clipped by solder mask
    Local override; warning
    @(191.9090 mm, 0.7867 mm): Rectangle of J1 on F.Silkscreen
    @(190.4590 mm, 0.9317 mm): Pad B12 [GND] of J1 on F.Cu
[silk_over_copper]: Silkscreen clipped by solder mask
    Local override; warning
    @(191.9090 mm, 0.7867 mm): Rectangle of J1 on F.Silkscreen
    @(189.6590 mm, 0.9317 mm): Pad A4 [VBUS_IN] of J1 on F.Cu
[silk_over_copper]: Silkscreen clipped by solder mask
    Local override; warning
    @(191.9090 mm, 0.7867 mm): Rectangle of J1 on F.Silkscreen
    @(189.6590 mm, 0.9317 mm): Pad B9 [VBUS_IN] of J1 on F.Cu
[silk_over_copper]: Silkscreen clipped by solder mask
    Local override; warning
    @(191.9090 mm, 0.7867 mm): Rectangle of J1 on F.Silkscreen
    @(188.4590 mm, 0.9317 mm): Pad A5 [CC1] of J1 on F.Cu
[silk_over_copper]: Silkscreen clipped by solder mask
    Local override; warning
    @(191.9090 mm, 0.7867 mm): Rectangle of J1 on F.Silkscreen
    @(187.9590 mm, 0.9317 mm): Pad B7 [USB_DM] of J1 on F.Cu
[silk_over_copper]: Silkscreen clipped by solder mask
    Local override; warning
    @(191.9090 mm, 0.7867 mm): Rectangle of J1 on F.Silkscreen
    @(188.9590 mm, 0.9317 mm): Pad B8 [<no net>] of J1 on F.Cu
[silk_over_copper]: Silkscreen clipped by solder mask
    Local override; warning
    @(191.9090 mm, 0.7867 mm): Rectangle of J1 on F.Silkscreen
    @(187.4590 mm, 0.9317 mm): Pad A6 [USB_DP] of J1 on F.Cu
[silk_over_copper]: Silkscreen clipped by solder mask
    Local override; warning
    @(191.9090 mm, 0.7867 mm): Rectangle of J1 on F.Silkscreen
    @(186.9590 mm, 0.9317 mm): Pad A7 [USB_DM] of J1 on F.Cu
[silk_over_copper]: Silkscreen clipped by solder mask
    Local override; warning
    @(191.9090 mm, 0.7867 mm): Rectangle of J1 on F.Silkscreen
    @(186.4590 mm, 0.9317 mm): Pad B6 [USB_DP] of J1 on F.Cu
[silk_over_copper]: Silkscreen clipped by solder mask
    Local override; warning
    @(191.9090 mm, 0.7867 mm): Rectangle of J1 on F.Silkscreen
    @(182.8890 mm, -4.1633 mm): PTH pad SH [GND] of J1
[silk_over_copper]: Silkscreen clipped by solder mask
    Local override; warning
    @(191.9090 mm, 0.7867 mm): Rectangle of J1 on F.Silkscreen
    @(191.5290 mm, -4.1633 mm): PTH pad SH [GND] of J1

** Found 0 unconnected pads **

** Found 0 Footprint errors **

** Ignored checks **
    - None

** End of Report **
