** Drc report for Symm60HE-Right-PogoTarget.kicad_pcb **
** Created on 2026-09-11T14:13:58 **
** Report includes: Errors, Warnings, Exclusions **

** Found 85 DRC violations **
[track_dangling]: Track has unconnected end
    Local override; error
    @(161.7830 mm, 51.5550 mm): Track [ADC_R4] on B.Cu, length 6.5594 mm
[track_dangling]: Track has unconnected end
    Local override; error
    @(161.7830 mm, 52.8250 mm): Track [ADC_R3] on B.Cu, length 6.6082 mm
[track_dangling]: Track has unconnected end
    Local override; error
    @(161.7830 mm, 54.0950 mm): Track [ADC_R2] on B.Cu, length 6.5013 mm
[track_dangling]: Track has unconnected end
    Local override; error
    @(161.7830 mm, 55.3650 mm): Track [ADC_R1] on B.Cu, length 6.4754 mm
[track_dangling]: Track has unconnected end
    Local override; error
    @(161.7830 mm, 56.6350 mm): Track [MUX_A2] on B.Cu, length 6.5315 mm
[track_dangling]: Track has unconnected end
    Local override; error
    @(161.7830 mm, 57.9050 mm): Track [MUX_A1] on B.Cu, length 6.5013 mm
[track_dangling]: Track has unconnected end
    Local override; error
    @(161.7830 mm, 59.1750 mm): Track [MUX_A0] on B.Cu, length 6.4822 mm
[clearance]: Clearance violation ( clearance 0.1500 mm; actual 0.1216 mm)
    Local override; error
    @(163.0530 mm, 60.4450 mm): Track [+3V3A] on B.Cu, length 1.1500 mm
    @(162.6673 mm, 60.5000 mm): Track [GND] on B.Cu, length 4.9458 mm
[clearance]: Clearance violation ( clearance 0.1500 mm; actual 0.0339 mm)
    Local override; error
    @(159.8098 mm, 60.1008 mm): Track [GND] on B.Cu, length 0.5646 mm
    @(161.7830 mm, 60.4450 mm): Track [+3V3A] on B.Cu, length 6.5594 mm
[shorting_items]: Items shorting two nets (nets GND and ADC_R1)
    Local override; error
    @(159.1082 mm, 56.0792 mm): Track [GND] on B.Cu, length 0.5914 mm
    @(161.7830 mm, 55.3650 mm): Track [ADC_R1] on B.Cu, length 6.4754 mm
[shorting_items]: Items shorting two nets (nets GND and ADC_R3)
    Local override; error
    @(161.3575 mm, 53.8247 mm): Track [GND] on B.Cu, length 0.9255 mm
    @(161.7830 mm, 52.8250 mm): Track [ADC_R3] on B.Cu, length 6.6082 mm
[tracks_crossing]: Tracks crossing
    Local override; error
    @(159.0875 mm, 55.4671 mm): Track [GND] on B.Cu, length 0.5679 mm
    @(161.7830 mm, 55.3650 mm): Track [ADC_R1] on B.Cu, length 6.4754 mm
[tracks_crossing]: Tracks crossing
    Local override; error
    @(161.7830 mm, 56.6350 mm): Track [MUX_A2] on B.Cu, length 6.5315 mm
    @(159.1002 mm, 60.1008 mm): Track [GND] on B.Cu, length 3.4343 mm
[shorting_items]: Items shorting two nets (nets +3V3A and GND)
    Local override; error
    @(163.0530 mm, 60.4450 mm): Pad 2 [+3V3A] of PTR1 on B.Cu
    @(160.2090 mm, 60.5000 mm): Track [GND] on B.Cu, length 2.4583 mm
[shorting_items]: Items shorting two nets (nets ADC_R3 and GND)
    Local override; error
    @(161.7830 mm, 52.8250 mm): Track [ADC_R3] on B.Cu, length 6.6082 mm
    @(161.3575 mm, 52.8992 mm): Track [GND] on B.Cu, length 0.7493 mm
[tracks_crossing]: Tracks crossing
    Local override; error
    @(161.7830 mm, 54.0950 mm): Track [ADC_R2] on B.Cu, length 6.5013 mm
    @(160.6822 mm, 54.5000 mm): Track [GND] on B.Cu, length 0.9550 mm
[clearance]: Clearance violation ( clearance 0.1500 mm; actual 0.1341 mm)
    Local override; error
    @(161.7830 mm, 56.6350 mm): Track [MUX_A2] on B.Cu, length 6.5315 mm
    @(159.1002 mm, 56.6665 mm): Track [GND] on B.Cu, length 0.2355 mm
[shorting_items]: Items shorting two nets (nets ADC_R1 and GND)
    Local override; error
    @(161.7830 mm, 55.3650 mm): Track [ADC_R1] on B.Cu, length 6.4754 mm
    @(159.1082 mm, 55.4878 mm): Track [GND] on B.Cu, length 0.0293 mm
[tracks_crossing]: Tracks crossing
    Local override; error
    @(161.7830 mm, 52.8250 mm): Track [ADC_R3] on B.Cu, length 6.6082 mm
    @(160.6082 mm, 52.8992 mm): Track [GND] on B.Cu, length 0.5646 mm
[tracks_crossing]: Tracks crossing
    Local override; error
    @(158.3273 mm, 60.1505 mm): Track [+3V3A] on B.Cu, length 10.7052 mm
    @(161.7830 mm, 51.5550 mm): Track [ADC_R4] on B.Cu, length 6.5594 mm
[clearance]: Clearance violation ( clearance 0.1500 mm; actual 0.1124 mm)
    Local override; error
    @(164.2030 mm, 57.9050 mm): Track [GND] on F.Cu, length 9.9870 mm
    @(160.2090 mm, 59.5000 mm): Via [MUX_A0] on F.Cu - B.Cu
[clearance]: Clearance violation ( clearance 0.1500 mm; actual 0.1299 mm)
    Local override; error
    @(157.2090 mm, 58.5000 mm): Via [MUX_A1] on F.Cu - B.Cu
    @(164.2030 mm, 55.3650 mm): Track [GND] on F.Cu, length 10.9259 mm
[shorting_items]: Items shorting two nets (nets GND and MUX_A1)
    Local override; error
    @(164.2030 mm, 56.6350 mm): Track [GND] on F.Cu, length 10.3897 mm
    @(160.2090 mm, 58.5000 mm): Via [MUX_A1] on F.Cu - B.Cu
[shorting_items]: Items shorting two nets (nets MUX_A2 and +3V3A)
    Local override; error
    @(162.1132 mm, 57.8875 mm): Track [MUX_A2] on F.Cu, length 7.0832 mm
    @(164.2030 mm, 60.4450 mm): Via [+3V3A] on F.Cu - B.Cu
[shorting_items]: Items shorting two nets (nets MUX_A0 and GND)
    Local override; error
    @(160.2090 mm, 59.5000 mm): Track [MUX_A0] on B.Cu, length 10.9845 mm
    @(164.2030 mm, 59.1750 mm): Via [GND] on F.Cu - B.Cu
[tracks_crossing]: Tracks crossing
    Local override; error
    @(160.2090 mm, 51.5000 mm): Track [ADC_R3] on B.Cu, length 1.3056 mm
    @(161.7830 mm, 51.5550 mm): Track [ADC_R4] on B.Cu, length 6.5594 mm
[shorting_items]: Items shorting two nets (nets ADC_R3 and GND)
    Local override; error
    @(161.5146 mm, 51.5000 mm): Track [ADC_R3] on B.Cu, length 1.7169 mm
    @(163.0530 mm, 52.8250 mm): Pad 14 [GND] of PTR1 on B.Cu
[clearance]: Clearance violation ( clearance 0.1500 mm; actual 0.0542 mm)
    Local override; error
    @(164.2030 mm, 51.5550 mm): Track [GND] on F.Cu, length 9.6902 mm
    @(160.2090 mm, 51.5000 mm): Via [ADC_R3] on F.Cu - B.Cu
[shorting_items]: Items shorting two nets (nets ADC_R3 and GND)
    Local override; error
    @(162.7286 mm, 52.7140 mm): Via [ADC_R3] on F.Cu - B.Cu
    @(164.2030 mm, 52.8250 mm): Track [GND] on F.Cu, length 9.7884 mm
[shorting_items]: Items shorting two nets (nets ADC_R3 and GND)
    Local override; error
    @(162.7286 mm, 52.7140 mm): Track [ADC_R3] on F.Cu, length 16.3817 mm
    @(164.2030 mm, 52.8250 mm): Via [GND] on F.Cu - B.Cu
[shorting_items]: Items shorting two nets (nets ADC_R3 and GND)
    Local override; error
    @(162.7286 mm, 52.7140 mm): Via [ADC_R3] on F.Cu - B.Cu
    @(163.0530 mm, 52.8250 mm): Track [GND] on B.Cu, length 1.1500 mm
[shorting_items]: Items shorting two nets (nets ADC_R2 and GND)
    Local override; error
    @(160.2090 mm, 53.5000 mm): Via [ADC_R2] on F.Cu - B.Cu
    @(164.2030 mm, 52.8250 mm): Track [GND] on F.Cu, length 9.7884 mm
[tracks_crossing]: Tracks crossing
    Local override; error
    @(164.2030 mm, 55.3650 mm): Track [GND] on F.Cu, length 10.9259 mm
    @(162.0881 mm, 56.6592 mm): Track [ADC_R2] on F.Cu, length 0.9722 mm
[clearance]: Clearance violation ( clearance 0.1500 mm; actual 0.1418 mm)
    Local override; error
    @(157.2090 mm, 53.5000 mm): Via [ADC_R2] on F.Cu - B.Cu
    @(164.2030 mm, 52.8250 mm): Track [GND] on F.Cu, length 9.7884 mm
[shorting_items]: Items shorting two nets (nets ADC_R2 and GND)
    Local override; error
    @(158.9556 mm, 54.0260 mm): Via [ADC_R2] on F.Cu - B.Cu
    @(164.2030 mm, 52.8250 mm): Track [GND] on F.Cu, length 9.7884 mm
[shorting_items]: Items shorting two nets (nets GND and ADC_R2)
    Local override; error
    @(164.2030 mm, 52.8250 mm): Track [GND] on F.Cu, length 9.7884 mm
    @(157.2090 mm, 53.5000 mm): Track [ADC_R2] on F.Cu, length 3.0000 mm
[clearance]: Clearance violation ( clearance 0.1500 mm; actual 0.0953 mm)
    Local override; error
    @(160.4271 mm, 54.0260 mm): Track [ADC_R2] on F.Cu, length 1.4715 mm
    @(164.2030 mm, 52.8250 mm): Track [GND] on F.Cu, length 9.7884 mm
[tracks_crossing]: Tracks crossing
    Local override; error
    @(167.0396 mm, 63.7295 mm): Track [ADC_R2] on F.Cu, length 7.8724 mm
    @(164.2030 mm, 57.9050 mm): Track [GND] on F.Cu, length 9.9870 mm
[tracks_crossing]: Tracks crossing
    Local override; error
    @(162.0881 mm, 55.6870 mm): Track [ADC_R2] on F.Cu, length 2.3490 mm
    @(164.2030 mm, 54.0950 mm): Track [GND] on F.Cu, length 9.9394 mm
[shorting_items]: Items shorting two nets (nets GND and ADC_R1)
    Local override; error
    @(164.2030 mm, 54.0950 mm): Track [GND] on F.Cu, length 9.9394 mm
    @(157.2090 mm, 55.5000 mm): Via [ADC_R1] on F.Cu - B.Cu
[shorting_items]: Items shorting two nets (nets ADC_R2 and GND)
    Local override; error
    @(161.4730 mm, 57.2743 mm): Track [ADC_R2] on F.Cu, length 0.8699 mm
    @(164.2030 mm, 55.3650 mm): Track [GND] on F.Cu, length 10.9259 mm
[shorting_items]: Items shorting two nets (nets ADC_R3 and ADC_R4)
    Local override; error
    @(160.2090 mm, 51.5000 mm): Via [ADC_R3] on F.Cu - B.Cu
    @(161.7830 mm, 51.5550 mm): Track [ADC_R4] on B.Cu, length 6.5594 mm
[clearance]: Clearance violation ( clearance 0.1500 mm; actual 0.1328 mm)
    Local override; error
    @(160.9520 mm, 55.5000 mm): Track [ADC_R1] on B.Cu, length 0.7368 mm
    @(161.7830 mm, 56.6350 mm): Pad 7 [MUX_A2] of PTR1 on B.Cu
[shorting_items]: Items shorting two nets (nets MUX_A1 and MUX_A2)
    Local override; error
    @(161.7830 mm, 57.9050 mm): Pad 5 [MUX_A1] of PTR1 on B.Cu
    @(160.2090 mm, 57.5000 mm): Track [MUX_A2] on B.Cu, length 1.5167 mm
[clearance]: Clearance violation ( clearance 0.1500 mm; actual 0.0559 mm)
    Local override; error
    @(161.7830 mm, 57.9050 mm): Track [MUX_A1] on B.Cu, length 6.5013 mm
    @(161.7257 mm, 57.5000 mm): Track [MUX_A2] on B.Cu, length 0.5480 mm
[clearance]: Clearance violation ( clearance 0.1500 mm; actual 0.0068 mm)
    Local override; error
    @(164.2030 mm, 54.0950 mm): Track [GND] on F.Cu, length 9.9394 mm
    @(160.2090 mm, 55.5000 mm): Via [ADC_R1] on F.Cu - B.Cu
[tracks_crossing]: Tracks crossing
    Local override; error
    @(164.2030 mm, 54.0950 mm): Track [GND] on F.Cu, length 9.9394 mm
    @(157.2090 mm, 55.5000 mm): Track [ADC_R1] on F.Cu, length 3.0000 mm
[tracks_crossing]: Tracks crossing
    Local override; error
    @(164.2030 mm, 56.6350 mm): Track [GND] on F.Cu, length 10.3897 mm
    @(161.4730 mm, 58.1629 mm): Track [ADC_R2] on F.Cu, length 0.8886 mm
[tracks_crossing]: Tracks crossing
    Local override; error
    @(164.2030 mm, 55.3650 mm): Track [GND] on F.Cu, length 10.9259 mm
    @(161.0713 mm, 58.3292 mm): Track [ADC_R1] on F.Cu, length 1.9065 mm
[tracks_crossing]: Tracks crossing
    Local override; error
    @(164.2030 mm, 57.9050 mm): Track [GND] on F.Cu, length 9.9870 mm
    @(171.1601 mm, 68.4180 mm): Track [ADC_R1] on F.Cu, length 14.2677 mm
[shorting_items]: Items shorting two nets (nets GND and MUX_A2)
    Local override; error
    @(164.2030 mm, 56.6350 mm): Track [GND] on F.Cu, length 10.3897 mm
    @(162.1132 mm, 57.8875 mm): Via [MUX_A2] on F.Cu - B.Cu
[shorting_items]: Items shorting two nets (nets MUX_A2 and GND)
    Local override; error
    @(160.2090 mm, 57.5000 mm): Via [MUX_A2] on F.Cu - B.Cu
    @(164.2030 mm, 55.3650 mm): Track [GND] on F.Cu, length 10.9259 mm
[tracks_crossing]: Tracks crossing
    Local override; error
    @(157.2090 mm, 57.5000 mm): Track [MUX_A2] on F.Cu, length 3.0000 mm
    @(164.2030 mm, 55.3650 mm): Track [GND] on F.Cu, length 10.9259 mm
[shorting_items]: Items shorting two nets (nets ADC_R1 and MUX_A2)
    Local override; error
    @(161.4730 mm, 56.0210 mm): Via [ADC_R1] on F.Cu - B.Cu
    @(161.7830 mm, 56.6350 mm): Pad 7 [MUX_A2] of PTR1 on B.Cu
[clearance]: Clearance violation ( clearance 0.1500 mm; actual 0.0950 mm)
    Local override; error
    @(163.0530 mm, 59.1750 mm): Pad 4 [GND] of PTR1 on B.Cu
    @(160.2090 mm, 58.5000 mm): Track [MUX_A1] on B.Cu, length 14.8049 mm
[tracks_crossing]: Tracks crossing
    Local override; error
    @(162.1132 mm, 57.8875 mm): Track [MUX_A2] on F.Cu, length 7.0832 mm
    @(164.2030 mm, 57.9050 mm): Track [GND] on F.Cu, length 9.9870 mm
[tracks_crossing]: Tracks crossing
    Local override; error
    @(157.2090 mm, 58.5000 mm): Track [MUX_A1] on F.Cu, length 3.0000 mm
    @(164.2030 mm, 55.3650 mm): Track [GND] on F.Cu, length 10.9259 mm
[shorting_items]: Items shorting two nets (nets MUX_A1 and MUX_A2)
    Local override; error
    @(161.7830 mm, 57.9050 mm): Track [MUX_A1] on B.Cu, length 6.5013 mm
    @(162.1132 mm, 57.8875 mm): Via [MUX_A2] on F.Cu - B.Cu
[clearance]: Clearance violation ( clearance 0.1500 mm; actual 0.1350 mm)
    Local override; error
    @(160.2090 mm, 59.5000 mm): Track [MUX_A0] on B.Cu, length 10.9845 mm
    @(163.0530 mm, 59.1750 mm): Track [GND] on B.Cu, length 1.1500 mm
[shorting_items]: Items shorting two nets (nets GND and MUX_A0)
    Local override; error
    @(164.2030 mm, 56.6350 mm): Track [GND] on F.Cu, length 10.3897 mm
    @(157.2090 mm, 59.5000 mm): Track [MUX_A0] on F.Cu, length 3.0000 mm
[shorting_items]: Items shorting two nets (nets MUX_A0 and GND)
    Local override; error
    @(157.2090 mm, 59.5000 mm): Via [MUX_A0] on F.Cu - B.Cu
    @(164.2030 mm, 55.3650 mm): Track [GND] on F.Cu, length 10.9259 mm
[connection_width]: Copper connection too narrow (board setup constraints minimum connection width 0.1500 mm; actual 0.1012 mm) (B.Cu)
    Rule: board setup constraints; warning
    @(161.7830 mm, 52.8250 mm): Track [ADC_R3] on B.Cu, length 6.6082 mm
    @(156.2090 mm, 51.5000 mm): Track [ADC_R3] on B.Cu, length 1.0000 mm
[connection_width]: Copper connection too narrow (board setup constraints minimum connection width 0.1500 mm; actual 0.0956 mm) (B.Cu)
    Rule: board setup constraints; warning
    @(161.3575 mm, 53.8247 mm): Track [GND] on B.Cu, length 0.9255 mm
    @(222.6938 mm, -1.7098 mm): Zone [GND] on B.Cu, priority 0
[holes_co_located]: Drilled holes co-located
    Local override; warning
    @(154.5590 mm, 60.5000 mm): Via [GND] on F.Cu - B.Cu
    @(154.5590 mm, 60.5000 mm): Via [GND] on F.Cu - B.Cu
[holes_co_located]: Drilled holes co-located
    Local override; warning
    @(154.5590 mm, 60.5000 mm): Via [GND] on F.Cu - B.Cu
    @(154.5590 mm, 60.5000 mm): Via [GND] on F.Cu - B.Cu
[holes_co_located]: Drilled holes co-located
    Local override; warning
    @(154.5590 mm, 60.5000 mm): Via [GND] on F.Cu - B.Cu
    @(154.5590 mm, 60.5000 mm): Via [GND] on F.Cu - B.Cu
[holes_co_located]: Drilled holes co-located
    Local override; warning
    @(154.5590 mm, 60.5000 mm): Via [GND] on F.Cu - B.Cu
    @(154.5590 mm, 60.5000 mm): Via [GND] on F.Cu - B.Cu
[holes_co_located]: Drilled holes co-located
    Local override; warning
    @(154.5590 mm, 60.5000 mm): Via [GND] on F.Cu - B.Cu
    @(154.5590 mm, 60.5000 mm): Via [GND] on F.Cu - B.Cu
[holes_co_located]: Drilled holes co-located
    Local override; warning
    @(154.5590 mm, 60.5000 mm): Via [GND] on F.Cu - B.Cu
    @(154.5590 mm, 60.5000 mm): Via [GND] on F.Cu - B.Cu
[solder_mask_bridge]: Rear solder mask aperture bridges items with different nets
    Rule: board setup solder mask min width; warning
    @(161.3575 mm, 52.8992 mm): Track [GND] on B.Cu, length 0.7493 mm
    @(161.7830 mm, 52.8250 mm): Pad 13 [ADC_R3] of PTR1 on B.Cu
[solder_mask_bridge]: Rear solder mask aperture bridges items with different nets
    Rule: board setup solder mask min width; warning
    @(162.6673 mm, 60.5000 mm): Track [GND] on B.Cu, length 4.9458 mm
    @(163.0530 mm, 60.4450 mm): Pad 2 [+3V3A] of PTR1 on B.Cu
[solder_mask_bridge]: Rear solder mask aperture bridges items with different nets
    Rule: board setup solder mask min width; warning
    @(162.1132 mm, 57.8875 mm): Via [MUX_A2] on F.Cu - B.Cu
    @(161.7830 mm, 57.9050 mm): Pad 5 [MUX_A1] of PTR1 on B.Cu
[solder_mask_bridge]: Rear solder mask aperture bridges items with different nets
    Rule: board setup solder mask min width; warning
    @(160.2090 mm, 59.5000 mm): Track [MUX_A0] on B.Cu, length 10.9845 mm
    @(163.0530 mm, 59.1750 mm): Pad 4 [GND] of PTR1 on B.Cu
[solder_mask_bridge]: Rear solder mask aperture bridges items with different nets
    Rule: board setup solder mask min width; warning
    @(160.2090 mm, 57.5000 mm): Track [MUX_A2] on B.Cu, length 1.5167 mm
    @(161.7830 mm, 57.9050 mm): Pad 5 [MUX_A1] of PTR1 on B.Cu
[solder_mask_bridge]: Rear solder mask aperture bridges items with different nets
    Rule: board setup solder mask min width; warning
    @(161.7257 mm, 57.5000 mm): Track [MUX_A2] on B.Cu, length 0.5480 mm
    @(161.7830 mm, 57.9050 mm): Pad 5 [MUX_A1] of PTR1 on B.Cu
[solder_mask_bridge]: Rear solder mask aperture bridges items with different nets
    Rule: board setup solder mask min width; warning
    @(160.6822 mm, 54.5000 mm): Track [GND] on B.Cu, length 0.9550 mm
    @(161.7830 mm, 54.0950 mm): Pad 11 [ADC_R2] of PTR1 on B.Cu
[solder_mask_bridge]: Rear solder mask aperture bridges items with different nets
    Rule: board setup solder mask min width; warning
    @(161.4730 mm, 56.0210 mm): Via [ADC_R1] on F.Cu - B.Cu
    @(161.7830 mm, 56.6350 mm): Pad 7 [MUX_A2] of PTR1 on B.Cu
[solder_mask_bridge]: Rear solder mask aperture bridges items with different nets
    Rule: board setup solder mask min width; warning
    @(160.2090 mm, 60.5000 mm): Track [GND] on B.Cu, length 2.4583 mm
    @(161.7830 mm, 60.4450 mm): Pad 1 [+3V3A] of PTR1 on B.Cu
[solder_mask_bridge]: Rear solder mask aperture bridges items with different nets
    Rule: board setup solder mask min width; warning
    @(160.2090 mm, 60.5000 mm): Track [GND] on B.Cu, length 2.4583 mm
    @(163.0530 mm, 60.4450 mm): Pad 2 [+3V3A] of PTR1 on B.Cu
[solder_mask_bridge]: Rear solder mask aperture bridges items with different nets
    Rule: board setup solder mask min width; warning
    @(161.3575 mm, 53.8247 mm): Track [GND] on B.Cu, length 0.9255 mm
    @(161.7830 mm, 54.0950 mm): Pad 11 [ADC_R2] of PTR1 on B.Cu
[solder_mask_bridge]: Rear solder mask aperture bridges items with different nets
    Rule: board setup solder mask min width; warning
    @(161.3575 mm, 53.8247 mm): Track [GND] on B.Cu, length 0.9255 mm
    @(161.7830 mm, 52.8250 mm): Pad 13 [ADC_R3] of PTR1 on B.Cu
[solder_mask_bridge]: Rear solder mask aperture bridges items with different nets
    Rule: board setup solder mask min width; warning
    @(162.7286 mm, 52.7140 mm): Via [ADC_R3] on F.Cu - B.Cu
    @(163.0530 mm, 52.8250 mm): Pad 14 [GND] of PTR1 on B.Cu
[solder_mask_bridge]: Rear solder mask aperture bridges items with different nets
    Rule: board setup solder mask min width; warning
    @(161.5146 mm, 51.5000 mm): Track [ADC_R3] on B.Cu, length 1.7169 mm
    @(163.0530 mm, 52.8250 mm): Pad 14 [GND] of PTR1 on B.Cu
[solder_mask_bridge]: Rear solder mask aperture bridges items with different nets
    Rule: board setup solder mask min width; warning
    @(161.5146 mm, 51.5000 mm): Track [ADC_R3] on B.Cu, length 1.7169 mm
    @(161.7830 mm, 51.5550 mm): Pad 15 [ADC_R4] of PTR1 on B.Cu
[solder_mask_bridge]: Rear solder mask aperture bridges items with different nets
    Rule: board setup solder mask min width; warning
    @(160.2090 mm, 51.5000 mm): Track [ADC_R3] on B.Cu, length 1.3056 mm
    @(161.7830 mm, 51.5550 mm): Pad 15 [ADC_R4] of PTR1 on B.Cu

** Found 0 unconnected pads **

** Found 0 Footprint errors **

** Ignored checks **
    - Hole clearance violation
    - Drilled hole too close to other hole
    - Annular width
    - Courtyards overlap
    - Footprint has no courtyard defined
    - Footprint has malformed courtyard
    - Track endpoint not centered on via
    - Tuning profile track geometries
    - Footprint doesn't match symbol's footprint filters
    - Silkscreen clearance
    - Silkscreen clipped by solder mask
    - Silkscreen clipped by board edge
    - Text height out of range
    - Text thickness out of range
    - Mirrored text on front layer
    - Non-Mirrored text on back layer
    - PTH inside courtyard
    - NPTH inside courtyard
    - Footprint component type doesn't match footprint pads

** End of Report **
